/usr/bin/ld: /home/oof/curl_build/lib/libcurl.a(libcurl_la-content_encoding.o): in function `deflate_do_init':
/home/oof/curl/lib/content_encoding.c:258:(.text.deflate_do_init[deflate_do_init]+0x28c): undefined reference to `inflateInit_'
/usr/bin/ld: /home/oof/curl_build/lib/libcurl.a(libcurl_la-content_encoding.o): in function `inflate_stream':
/home/oof/curl/lib/content_encoding.c:188:(.text.inflate_stream[inflate_stream]+0xa69): undefined reference to `inflate'
/usr/bin/ld: /home/oof/curl/lib/content_encoding.c:219:(.text.inflate_stream[inflate_stream]+0x138a): undefined reference to `inflateReset2'
/usr/bin/ld: /home/oof/curl_build/lib/libcurl.a(libcurl_la-content_encoding.o): in function `exit_zlib':
/home/oof/curl/lib/content_encoding.c:129:(.text.exit_zlib[exit_zlib]+0x12d): undefined reference to `inflateEnd'
/usr/bin/ld: /home/oof/curl_build/lib/libcurl.a(libcurl_la-content_encoding.o): in function `gzip_do_init':
/home/oof/curl/lib/content_encoding.c:315:(.text.gzip_do_init[gzip_do_init]+0x291): undefined reference to `inflateInit2_'
/usr/bin/ld: /home/oof/curl_build/lib/libcurl.a(libcurl_la-content_encoding.o): in function `brotli_do_init':
/home/oof/curl/lib/content_encoding.c:416:(.text.brotli_do_init[brotli_do_init]+0x5b): undefined reference to `BrotliDecoderCreateInstance'
/usr/bin/ld: /home/oof/curl_build/lib/libcurl.a(libcurl_la-content_encoding.o): in function `brotli_do_write':
/home/oof/curl/lib/content_encoding.c:441:(.text.brotli_do_write[brotli_do_write]+0x8b2): undefined reference to `BrotliDecoderDecompressStream'
/usr/bin/ld: /home/oof/curl/lib/content_encoding.c:452:(.text.brotli_do_write[brotli_do_write]+0xc03): undefined reference to `BrotliDecoderDestroyInstance'
/usr/bin/ld: /home/oof/curl/lib/content_encoding.c:458:(.text.brotli_do_write[brotli_do_write]+0xe87): undefined reference to `BrotliDecoderGetErrorCode'
/usr/bin/ld: /home/oof/curl_build/lib/libcurl.a(libcurl_la-content_encoding.o): in function `brotli_do_close':
/home/oof/curl/lib/content_encoding.c:472:(.text.brotli_do_close[brotli_do_close]+0x249): undefined reference to `BrotliDecoderDestroyInstance'
/usr/bin/ld: /home/oof/curl_build/lib/libcurl.a(libcurl_la-content_encoding.o): in function `zstd_do_init':
/home/oof/curl/lib/content_encoding.c:523:(.text.zstd_do_init[zstd_do_init]+0x51): undefined reference to `ZSTD_createDStream'
/usr/bin/ld: /home/oof/curl_build/lib/libcurl.a(libcurl_la-content_encoding.o): in function `zstd_do_write':
/home/oof/curl/lib/content_encoding.c:551:(.text.zstd_do_write[zstd_do_write]+0x7a3): undefined reference to `ZSTD_decompressStream'
/usr/bin/ld: /home/oof/curl/lib/content_encoding.c:552:(.text.zstd_do_write[zstd_do_write]+0x7b6): undefined reference to `ZSTD_isError'
/usr/bin/ld: /home/oof/curl_build/lib/libcurl.a(libcurl_la-content_encoding.o): in function `zstd_do_close':
/home/oof/curl/lib/content_encoding.c:575:(.text.zstd_do_close[zstd_do_close]+0x243): undefined reference to `ZSTD_freeDStream'
/usr/bin/ld: /home/oof/curl_build/lib/libcurl.a(libcurl_la-curl_sha512_256.o): in function `Curl_sha512_256_init':
/home/oof/curl/lib/curl_sha512_256.c:118:(.text.Curl_sha512_256_init[Curl_sha512_256_init]+0x4d): undefined reference to `EVP_MD_CTX_new'
/usr/bin/ld: /home/oof/curl/lib/curl_sha512_256.c:122:(.text.Curl_sha512_256_init[Curl_sha512_256_init]+0x222): undefined reference to `EVP_sha512_256'
/usr/bin/ld: /home/oof/curl/lib/curl_sha512_256.c:122:(.text.Curl_sha512_256_init[Curl_sha512_256_init]+0x232): undefined reference to `EVP_DigestInit_ex'
/usr/bin/ld: /home/oof/curl/lib/curl_sha512_256.c:124:(.text.Curl_sha512_256_init[Curl_sha512_256_init]+0x2be): undefined reference to `EVP_MD_CTX_get0_md'
/usr/bin/ld: /home/oof/curl/lib/curl_sha512_256.c:124:(.text.Curl_sha512_256_init[Curl_sha512_256_init]+0x2c6): undefined reference to `EVP_MD_get_size'
/usr/bin/ld: /home/oof/curl/lib/curl_sha512_256.c:126:(.text.Curl_sha512_256_init[Curl_sha512_256_init]+0x3ba): undefined reference to `EVP_MD_CTX_get0_md'
/usr/bin/ld: /home/oof/curl/lib/curl_sha512_256.c:126:(.text.Curl_sha512_256_init[Curl_sha512_256_init]+0x3c2): undefined reference to `EVP_MD_get_block_size'
/usr/bin/ld: /home/oof/curl/lib/curl_sha512_256.c:132:(.text.Curl_sha512_256_init[Curl_sha512_256_init]+0x52f): undefined reference to `EVP_MD_CTX_free'
/usr/bin/ld: /home/oof/curl_build/lib/libcurl.a(libcurl_la-curl_sha512_256.o): in function `Curl_sha512_256_update':
/home/oof/curl/lib/curl_sha512_256.c:152:(.text.Curl_sha512_256_update[Curl_sha512_256_update]+0xdf): undefined reference to `EVP_DigestUpdate'
/usr/bin/ld: /home/oof/curl_build/lib/libcurl.a(libcurl_la-curl_sha512_256.o): in function `Curl_sha512_256_finish':
/home/oof/curl/lib/curl_sha512_256.c:185:(.text.Curl_sha512_256_finish[Curl_sha512_256_finish]+0xd7): undefined reference to `EVP_DigestFinal_ex'
/usr/bin/ld: /home/oof/curl/lib/curl_sha512_256.c:188:(.text.Curl_sha512_256_finish[Curl_sha512_256_finish]+0x1b5): undefined reference to `EVP_MD_CTX_free'
/usr/bin/ld: /home/oof/curl_build/lib/libcurl.a(libcurl_la-idn.o): in function `Curl_idn_decode':
/home/oof/curl/lib/idn.c:319:(.text.Curl_idn_decode[Curl_idn_decode]+0x195): undefined reference to `idn2_free'
/usr/bin/ld: /home/oof/curl_build/lib/libcurl.a(libcurl_la-idn.o): in function `idn_decode':
/home/oof/curl/lib/idn.c:262:(.text.idn_decode[idn_decode]+0x12f): undefined reference to `idn2_check_version'
/usr/bin/ld: /home/oof/curl/lib/idn.c:271:(.text.idn_decode[idn_decode]+0x153): undefined reference to `idn2_lookup_ul'
/usr/bin/ld: /home/oof/curl/lib/idn.c:275:(.text.idn_decode[idn_decode]+0x1da): undefined reference to `idn2_lookup_ul'
/usr/bin/ld: /home/oof/curl_build/lib/libcurl.a(libcurl_la-idn.o): in function `Curl_idn_encode':
/home/oof/curl/lib/idn.c:338:(.text.Curl_idn_encode[Curl_idn_encode]+0x195): undefined reference to `idn2_free'
/usr/bin/ld: /home/oof/curl_build/lib/libcurl.a(libcurl_la-idn.o): in function `idn_encode':
/home/oof/curl/lib/idn.c:296:(.text.idn_encode[idn_encode]+0x124): undefined reference to `idn2_to_unicode_8z8z'
/usr/bin/ld: /home/oof/curl_build/lib/libcurl.a(libcurl_la-md5.o): in function `my_md5_init':
/home/oof/curl/lib/md5.c:116:(.text.my_md5_init[my_md5_init]+0x49): undefined reference to `MD5_Init'
/usr/bin/ld: /home/oof/curl_build/lib/libcurl.a(libcurl_la-md5.o): in function `my_md5_update':
/home/oof/curl/lib/md5.c:126:(.text.my_md5_update[my_md5_update]+0x5d): undefined reference to `MD5_Update'
/usr/bin/ld: /home/oof/curl_build/lib/libcurl.a(libcurl_la-md5.o): in function `my_md5_final':
/home/oof/curl/lib/md5.c:131:(.text.my_md5_final[my_md5_final]+0x51): undefined reference to `MD5_Final'
/usr/bin/ld: /home/oof/curl_build/lib/libcurl.a(libcurl_la-sha256.o): in function `my_sha256_init':
/home/oof/curl/lib/sha256.c:83:(.text.my_sha256_init[my_sha256_init]+0x4d): undefined reference to `EVP_MD_CTX_new'
/usr/bin/ld: /home/oof/curl/lib/sha256.c:87:(.text.my_sha256_init[my_sha256_init]+0x321): undefined reference to `EVP_sha256'
/usr/bin/ld: /home/oof/curl/lib/sha256.c:87:(.text.my_sha256_init[my_sha256_init]+0x331): undefined reference to `EVP_DigestInit_ex'
/usr/bin/ld: /home/oof/curl/lib/sha256.c:88:(.text.my_sha256_init[my_sha256_init]+0x446): undefined reference to `EVP_MD_CTX_free'
/usr/bin/ld: /home/oof/curl_build/lib/libcurl.a(libcurl_la-sha256.o): in function `my_sha256_update':
/home/oof/curl/lib/sha256.c:99:(.text.my_sha256_update[my_sha256_update]+0x168): undefined reference to `EVP_DigestUpdate'
/usr/bin/ld: /home/oof/curl_build/lib/libcurl.a(libcurl_la-sha256.o): in function `my_sha256_final':
/home/oof/curl/lib/sha256.c:105:(.text.my_sha256_final[my_sha256_final]+0x12c): undefined reference to `EVP_DigestFinal_ex'
/usr/bin/ld: /home/oof/curl/lib/sha256.c:106:(.text.my_sha256_final[my_sha256_final]+0x238): undefined reference to `EVP_MD_CTX_free'
/usr/bin/ld: /home/oof/curl_build/lib/libcurl.a(libcurl_la-openssl.o): in function `Curl_ossl_add_session':
/home/oof/curl/lib/vtls/openssl.c:3048:(.text.Curl_ossl_add_session[Curl_ossl_add_session]+0x403): undefined reference to `i2d_SSL_SESSION'
/usr/bin/ld: /home/oof/curl/lib/vtls/openssl.c:3060:(.text.Curl_ossl_add_session[Curl_ossl_add_session]+0x4f0): undefined reference to `i2d_SSL_SESSION'
/usr/bin/ld: /home/oof/curl/lib/vtls/openssl.c:3067:(.text.Curl_ossl_add_session[Curl_ossl_add_session]+0x55c): undefined reference to `SSL_SESSION_get_max_early_data'
/usr/bin/ld: /home/oof/curl/lib/vtls/openssl.c:3080:(.text.Curl_ossl_add_session[Curl_ossl_add_session]+0x6cf): undefined reference to `SSL_SESSION_get_timeout'
/usr/bin/ld: /home/oof/curl_build/lib/libcurl.a(libcurl_la-openssl.o): in function `Curl_ssl_setup_x509_store':
/home/oof/curl/lib/vtls/openssl.c:3617:(.text.Curl_ssl_setup_x509_store[Curl_ssl_setup_x509_store]+0x905): undefined reference to `X509_STORE_up_ref'
/usr/bin/ld: /home/oof/curl/lib/vtls/openssl.c:3618:(.text.Curl_ssl_setup_x509_store[Curl_ssl_setup_x509_store]+0x980): undefined reference to `SSL_CTX_set_cert_store'
/usr/bin/ld: /home/oof/curl/lib/vtls/openssl.c:3621:(.text.Curl_ssl_setup_x509_store[Curl_ssl_setup_x509_store]+0x98e): undefined reference to `SSL_CTX_get_cert_store'
/usr/bin/ld: /home/oof/curl_build/lib/libcurl.a(libcurl_la-openssl.o): in function `ossl_populate_x509_store':
/home/oof/curl/lib/vtls/openssl.c:3378:(.text.ossl_populate_x509_store[ossl_populate_x509_store]+0x18a6): undefined reference to `X509_STORE_load_file'
/usr/bin/ld: /home/oof/curl/lib/vtls/openssl.c:3387:(.text.ossl_populate_x509_store[ossl_populate_x509_store]+0x2151): undefined reference to `X509_STORE_load_path'
/usr/bin/ld: /home/oof/curl/lib/vtls/openssl.c:3431:(.text.ossl_populate_x509_store[ossl_populate_x509_store]+0x3870): undefined reference to `X509_LOOKUP_file'
/usr/bin/ld: /home/oof/curl/lib/vtls/openssl.c:3431:(.text.ossl_populate_x509_store[ossl_populate_x509_store]+0x387f): undefined reference to `X509_STORE_add_lookup'
/usr/bin/ld: /home/oof/curl/lib/vtls/openssl.c:3433:(.text.ossl_populate_x509_store[ossl_populate_x509_store]+0x38d5): undefined reference to `X509_load_crl_file'
/usr/bin/ld: /home/oof/curl/lib/vtls/openssl.c:3439:(.text.ossl_populate_x509_store[ossl_populate_x509_store]+0x3fc5): undefined reference to `X509_STORE_set_flags'
/usr/bin/ld: /home/oof/curl/lib/vtls/openssl.c:3454:(.text.ossl_populate_x509_store[ossl_populate_x509_store]+0x470b): undefined reference to `X509_STORE_set_flags'
/usr/bin/ld: /home/oof/curl/lib/vtls/openssl.c:3466:(.text.ossl_populate_x509_store[ossl_populate_x509_store]+0x4885): undefined reference to `X509_STORE_set_flags'
/usr/bin/ld: /home/oof/curl_build/lib/libcurl.a(libcurl_la-openssl.o): in function `ossl_set_cached_x509_store':
/home/oof/curl/lib/vtls/openssl.c:3574:(.text.ossl_set_cached_x509_store[ossl_set_cached_x509_store]+0x428): undefined reference to `X509_STORE_up_ref'
/usr/bin/ld: /home/oof/curl/lib/vtls/openssl.c:3580:(.text.ossl_set_cached_x509_store[ossl_set_cached_x509_store]+0x6cb): undefined reference to `X509_STORE_free'
/usr/bin/ld: /home/oof/curl/lib/vtls/openssl.c:3586:(.text.ossl_set_cached_x509_store[ossl_set_cached_x509_store]+0x922): undefined reference to `X509_STORE_free'
/usr/bin/ld: /home/oof/curl_build/lib/libcurl.a(libcurl_la-openssl.o): in function `Curl_ossl_ctx_init':
/home/oof/curl/lib/vtls/openssl.c:4024:(.text.Curl_ossl_ctx_init[Curl_ossl_ctx_init]+0xf7e): undefined reference to `SSL_CTX_new_ex'
/usr/bin/ld: /home/oof/curl/lib/vtls/openssl.c:4026:(.text.Curl_ossl_ctx_init[Curl_ossl_ctx_init]+0xfcd): undefined reference to `SSL_CTX_new'
/usr/bin/ld: /home/oof/curl/lib/vtls/openssl.c:4030:(.text.Curl_ossl_ctx_init[Curl_ossl_ctx_init]+0x11fd): undefined reference to `ERR_peek_error'
/usr/bin/ld: /home/oof/curl/lib/vtls/openssl.c:4043:(.text.Curl_ossl_ctx_init[Curl_ossl_ctx_init]+0x1842): undefined reference to `SSL_CTX_set_msg_callback'
/usr/bin/ld: /home/oof/curl/lib/vtls/openssl.c:4044:(.text.Curl_ossl_ctx_init[Curl_ossl_ctx_init]+0x1970): undefined reference to `SSL_CTX_ctrl'
/usr/bin/ld: /home/oof/curl/lib/vtls/openssl.c:4137:(.text.Curl_ossl_ctx_init[Curl_ossl_ctx_init]+0x21ce): undefined reference to `SSL_CTX_set_options'
/usr/bin/ld: /home/oof/curl/lib/vtls/openssl.c:4138:(.text.Curl_ossl_ctx_init[Curl_ossl_ctx_init]+0x22c6): undefined reference to `SSL_CTX_ctrl'
/usr/bin/ld: /home/oof/curl/lib/vtls/openssl.c:4151:(.text.Curl_ossl_ctx_init[Curl_ossl_ctx_init]+0x23b5): undefined reference to `SSL_CTX_set_default_read_buffer_len'
/usr/bin/ld: /home/oof/curl/lib/vtls/openssl.c:4156:(.text.Curl_ossl_ctx_init[Curl_ossl_ctx_init]+0x24ad): undefined reference to `SSL_CTX_ctrl'
/usr/bin/ld: /home/oof/curl/lib/vtls/openssl.c:4163:(.text.Curl_ossl_ctx_init[Curl_ossl_ctx_init]+0x28ea): undefined reference to `SSL_CTX_set_cipher_list'
/usr/bin/ld: /home/oof/curl/lib/vtls/openssl.c:4176:(.text.Curl_ossl_ctx_init[Curl_ossl_ctx_init]+0x35eb): undefined reference to `SSL_CTX_set_ciphersuites'
/usr/bin/ld: /home/oof/curl/lib/vtls/openssl.c:4199:(.text.Curl_ossl_ctx_init[Curl_ossl_ctx_init]+0x45f3): undefined reference to `SSL_CTX_set_post_handshake_auth'
/usr/bin/ld: /home/oof/curl/lib/vtls/openssl.c:4210:(.text.Curl_ossl_ctx_init[Curl_ossl_ctx_init]+0x4827): undefined reference to `SSL_CTX_ctrl'
/usr/bin/ld: /home/oof/curl/lib/vtls/openssl.c:4222:(.text.Curl_ossl_ctx_init[Curl_ossl_ctx_init]+0x4b4c): undefined reference to `SSL_CTX_ctrl'
/usr/bin/ld: /home/oof/curl/lib/vtls/openssl.c:4238:(.text.Curl_ossl_ctx_init[Curl_ossl_ctx_init]+0x582a): undefined reference to `SSL_CTX_set_srp_username'
/usr/bin/ld: /home/oof/curl/lib/vtls/openssl.c:4242:(.text.Curl_ossl_ctx_init[Curl_ossl_ctx_init]+0x5982): undefined reference to `SSL_CTX_set_srp_password'
/usr/bin/ld: /home/oof/curl/lib/vtls/openssl.c:4249:(.text.Curl_ossl_ctx_init[Curl_ossl_ctx_init]+0x6295): undefined reference to `SSL_CTX_set_cipher_list'
/usr/bin/ld: /home/oof/curl/lib/vtls/openssl.c:4261:(.text.Curl_ossl_ctx_init[Curl_ossl_ctx_init]+0x6550): undefined reference to `SSL_CTX_set_verify'
/usr/bin/ld: /home/oof/curl/lib/vtls/openssl.c:4267:(.text.Curl_ossl_ctx_init[Curl_ossl_ctx_init]+0x66b7): undefined reference to `SSL_CTX_set_keylog_callback'
/usr/bin/ld: /home/oof/curl/lib/vtls/openssl.c:4276:(.text.Curl_ossl_ctx_init[Curl_ossl_ctx_init]+0x67f2): undefined reference to `SSL_CTX_ctrl'
/usr/bin/ld: /home/oof/curl/lib/vtls/openssl.c:4279:(.text.Curl_ossl_ctx_init[Curl_ossl_ctx_init]+0x6917): undefined reference to `SSL_CTX_sess_set_new_cb'
/usr/bin/ld: /home/oof/curl_build/lib/libcurl.a(libcurl_la-openssl.o): in function `ossl_init_method':
/home/oof/curl/lib/vtls/openssl.c:3943:(.text.ossl_init_method[ossl_init_method]+0x59b): undefined reference to `TLS_client_method'
/usr/bin/ld: /home/oof/curl/lib/vtls/openssl.c:3970:(.text.ossl_init_method[ossl_init_method]+0xbe3): undefined reference to `TLS_method'
/usr/bin/ld: /home/oof/curl_build/lib/libcurl.a(libcurl_la-openssl.o): in function `ossl_strerror':
/home/oof/curl/lib/vtls/openssl.c:946:(.text.ossl_strerror[ossl_strerror]+0x579): undefined reference to `ERR_error_string_n'
/usr/bin/ld: /home/oof/curl_build/lib/libcurl.a(libcurl_la-openssl.o): in function `ossl_trace':
/home/oof/curl/lib/vtls/openssl.c:2833:(.text.ossl_trace[ossl_trace]+0x10fc): undefined reference to `SSL_alert_desc_string_long'
/usr/bin/ld: /home/oof/curl_build/lib/libcurl.a(libcurl_la-openssl.o): in function `ossl_set_ssl_version_min_max':
/home/oof/curl/lib/vtls/openssl.c:2907:(.text.ossl_set_ssl_version_min_max[ossl_set_ssl_version_min_max]+0x325): undefined reference to `SSL_CTX_ctrl'
/usr/bin/ld: /home/oof/curl/lib/vtls/openssl.c:2942:(.text.ossl_set_ssl_version_min_max[ossl_set_ssl_version_min_max]+0x6e2): undefined reference to `SSL_CTX_ctrl'
/usr/bin/ld: /home/oof/curl_build/lib/libcurl.a(libcurl_la-openssl.o): in function `cert_stuff':
/home/oof/curl/lib/vtls/openssl.c:1277:(.text.cert_stuff[cert_stuff]+0x4bc): undefined reference to `SSL_CTX_set_default_passwd_cb_userdata'
/usr/bin/ld: /home/oof/curl/lib/vtls/openssl.c:1279:(.text.cert_stuff[cert_stuff]+0x4cf): undefined reference to `SSL_CTX_set_default_passwd_cb'
/usr/bin/ld: /home/oof/curl/lib/vtls/openssl.c:1288:(.text.cert_stuff[cert_stuff]+0x5a6): undefined reference to `SSL_CTX_use_certificate_chain_file'
/usr/bin/ld: /home/oof/curl/lib/vtls/openssl.c:1295:(.text.cert_stuff[cert_stuff]+0x675): undefined reference to `ERR_get_error'
/usr/bin/ld: /home/oof/curl/lib/vtls/openssl.c:1308:(.text.cert_stuff[cert_stuff]+0x7a8): undefined reference to `SSL_CTX_use_certificate_file'
/usr/bin/ld: /home/oof/curl/lib/vtls/openssl.c:1315:(.text.cert_stuff[cert_stuff]+0x877): undefined reference to `ERR_get_error'
/usr/bin/ld: /home/oof/curl/lib/vtls/openssl.c:1344:(.text.cert_stuff[cert_stuff]+0xeca): undefined reference to `ENGINE_ctrl'
/usr/bin/ld: /home/oof/curl/lib/vtls/openssl.c:1351:(.text.cert_stuff[cert_stuff]+0x10ab): undefined reference to `ENGINE_ctrl_cmd'
/usr/bin/ld: /home/oof/curl/lib/vtls/openssl.c:1355:(.text.cert_stuff[cert_stuff]+0x1105): undefined reference to `ERR_get_error'
/usr/bin/ld: /home/oof/curl/lib/vtls/openssl.c:1366:(.text.cert_stuff[cert_stuff]+0x128e): undefined reference to `SSL_CTX_use_certificate'
/usr/bin/ld: /home/oof/curl/lib/vtls/openssl.c:1368:(.text.cert_stuff[cert_stuff]+0x12da): undefined reference to `ERR_get_error'
/usr/bin/ld: /home/oof/curl/lib/vtls/openssl.c:1372:(.text.cert_stuff[cert_stuff]+0x13b7): undefined reference to `X509_free'
/usr/bin/ld: /home/oof/curl/lib/vtls/openssl.c:1400:(.text.cert_stuff[cert_stuff]+0x19cc): undefined reference to `OSSL_STORE_open_ex'
/usr/bin/ld: /home/oof/curl/lib/vtls/openssl.c:1404:(.text.cert_stuff[cert_stuff]+0x1a28): undefined reference to `ERR_get_error'
/usr/bin/ld: /home/oof/curl/lib/vtls/openssl.c:1408:(.text.cert_stuff[cert_stuff]+0x1a7e): undefined reference to `OSSL_STORE_expect'
/usr/bin/ld: /home/oof/curl/lib/vtls/openssl.c:1410:(.text.cert_stuff[cert_stuff]+0x1aff): undefined reference to `ERR_get_error'
/usr/bin/ld: /home/oof/curl/lib/vtls/openssl.c:1414:(.text.cert_stuff[cert_stuff]+0x1b37): undefined reference to `OSSL_STORE_load'
/usr/bin/ld: /home/oof/curl/lib/vtls/openssl.c:1416:(.text.cert_stuff[cert_stuff]+0x1b8d): undefined reference to `OSSL_STORE_INFO_get_type'
/usr/bin/ld: /home/oof/curl/lib/vtls/openssl.c:1419:(.text.cert_stuff[cert_stuff]+0x1c11): undefined reference to `OSSL_STORE_INFO_get1_CERT'
/usr/bin/ld: /home/oof/curl/lib/vtls/openssl.c:1420:(.text.cert_stuff[cert_stuff]+0x1c24): undefined reference to `OSSL_STORE_INFO_free'
/usr/bin/ld: /home/oof/curl/lib/vtls/openssl.c:1422:(.text.cert_stuff[cert_stuff]+0x1c30): undefined reference to `OSSL_STORE_close'
/usr/bin/ld: /home/oof/curl/lib/vtls/openssl.c:1425:(.text.cert_stuff[cert_stuff]+0x1c81): undefined reference to `ERR_get_error'
/usr/bin/ld: /home/oof/curl/lib/vtls/openssl.c:1430:(.text.cert_stuff[cert_stuff]+0x1cd9): undefined reference to `SSL_CTX_use_certificate'
/usr/bin/ld: /home/oof/curl/lib/vtls/openssl.c:1432:(.text.cert_stuff[cert_stuff]+0x1d25): undefined reference to `ERR_get_error'
/usr/bin/ld: /home/oof/curl/lib/vtls/openssl.c:1436:(.text.cert_stuff[cert_stuff]+0x1da6): undefined reference to `X509_free'
/usr/bin/ld: /home/oof/curl/lib/vtls/openssl.c:1453:(.text.cert_stuff[cert_stuff]+0x20bb): undefined reference to `BIO_new_mem_buf'
/usr/bin/ld: /home/oof/curl/lib/vtls/openssl.c:1458:(.text.cert_stuff[cert_stuff]+0x2113): undefined reference to `ERR_get_error'
/usr/bin/ld: /home/oof/curl/lib/vtls/openssl.c:1464:(.text.cert_stuff[cert_stuff]+0x2192): undefined reference to `BIO_s_file'
/usr/bin/ld: /home/oof/curl/lib/vtls/openssl.c:1464:(.text.cert_stuff[cert_stuff]+0x219a): undefined reference to `BIO_new'
/usr/bin/ld: /home/oof/curl/lib/vtls/openssl.c:1469:(.text.cert_stuff[cert_stuff]+0x21f2): undefined reference to `ERR_get_error'
/usr/bin/ld: /home/oof/curl/lib/vtls/openssl.c:1474:(.text.cert_stuff[cert_stuff]+0x2254): undefined reference to `BIO_ctrl'
/usr/bin/ld: /home/oof/curl/lib/vtls/openssl.c:1476:(.text.cert_stuff[cert_stuff]+0x22b5): undefined reference to `BIO_free'
/usr/bin/ld: /home/oof/curl/lib/vtls/openssl.c:1481:(.text.cert_stuff[cert_stuff]+0x230e): undefined reference to `d2i_PKCS12_bio'
/usr/bin/ld: /home/oof/curl/lib/vtls/openssl.c:1482:(.text.cert_stuff[cert_stuff]+0x2321): undefined reference to `BIO_free'
/usr/bin/ld: /home/oof/curl/lib/vtls/openssl.c:1490:(.text.cert_stuff[cert_stuff]+0x2406): undefined reference to `PKCS12_PBE_add'
/usr/bin/ld: /home/oof/curl/lib/vtls/openssl.c:1492:(.text.cert_stuff[cert_stuff]+0x242e): undefined reference to `PKCS12_parse'
/usr/bin/ld: /home/oof/curl/lib/vtls/openssl.c:1496:(.text.cert_stuff[cert_stuff]+0x247a): undefined reference to `ERR_get_error'
/usr/bin/ld: /home/oof/curl/lib/vtls/openssl.c:1498:(.text.cert_stuff[cert_stuff]+0x24b2): undefined reference to `PKCS12_free'
/usr/bin/ld: /home/oof/curl/lib/vtls/openssl.c:1502:(.text.cert_stuff[cert_stuff]+0x24d7): undefined reference to `PKCS12_free'
/usr/bin/ld: /home/oof/curl/lib/vtls/openssl.c:1504:(.text.cert_stuff[cert_stuff]+0x24ed): undefined reference to `SSL_CTX_use_certificate'
/usr/bin/ld: /home/oof/curl/lib/vtls/openssl.c:1508:(.text.cert_stuff[cert_stuff]+0x2539): undefined reference to `ERR_get_error'
/usr/bin/ld: /home/oof/curl/lib/vtls/openssl.c:1513:(.text.cert_stuff[cert_stuff]+0x2580): undefined reference to `SSL_CTX_use_PrivateKey'
/usr/bin/ld: /home/oof/curl/lib/vtls/openssl.c:1519:(.text.cert_stuff[cert_stuff]+0x25e6): undefined reference to `SSL_CTX_check_private_key'
/usr/bin/ld: /home/oof/curl/lib/vtls/openssl.c:1526:(.text.cert_stuff[cert_stuff]+0x26a2): undefined reference to `OPENSSL_sk_num'
/usr/bin/ld: /home/oof/curl/lib/vtls/openssl.c:1534:(.text.cert_stuff[cert_stuff]+0x26c2): undefined reference to `OPENSSL_sk_pop'
/usr/bin/ld: /home/oof/curl/lib/vtls/openssl.c:1535:(.text.cert_stuff[cert_stuff]+0x26dc): undefined reference to `SSL_CTX_add_client_CA'
/usr/bin/ld: /home/oof/curl/lib/vtls/openssl.c:1536:(.text.cert_stuff[cert_stuff]+0x2721): undefined reference to `X509_free'
/usr/bin/ld: /home/oof/curl/lib/vtls/openssl.c:1540:(.text.cert_stuff[cert_stuff]+0x2761): undefined reference to `SSL_CTX_ctrl'
/usr/bin/ld: /home/oof/curl/lib/vtls/openssl.c:1541:(.text.cert_stuff[cert_stuff]+0x27a7): undefined reference to `X509_free'
/usr/bin/ld: /home/oof/curl/lib/vtls/openssl.c:1550:(.text.cert_stuff[cert_stuff]+0x291a): undefined reference to `EVP_PKEY_free'
/usr/bin/ld: /home/oof/curl/lib/vtls/openssl.c:1551:(.text.cert_stuff[cert_stuff]+0x2929): undefined reference to `X509_free'
/usr/bin/ld: /home/oof/curl/lib/vtls/openssl.c:1552:(.text.cert_stuff[cert_stuff]+0x2946): undefined reference to `X509_free'
/usr/bin/ld: /home/oof/curl/lib/vtls/openssl.c:1552:(.text.cert_stuff[cert_stuff]+0x295a): undefined reference to `OPENSSL_sk_pop_free'
/usr/bin/ld: /home/oof/curl/lib/vtls/openssl.c:1577:(.text.cert_stuff[cert_stuff]+0x2d4f): undefined reference to `SSL_CTX_use_PrivateKey_file'
/usr/bin/ld: /home/oof/curl/lib/vtls/openssl.c:1602:(.text.cert_stuff[cert_stuff]+0x3308): undefined reference to `UI_create_method'
/usr/bin/ld: /home/oof/curl/lib/vtls/openssl.c:1608:(.text.cert_stuff[cert_stuff]+0x338e): undefined reference to `UI_OpenSSL'
/usr/bin/ld: /home/oof/curl/lib/vtls/openssl.c:1608:(.text.cert_stuff[cert_stuff]+0x3396): undefined reference to `UI_method_get_opener'
/usr/bin/ld: /home/oof/curl/lib/vtls/openssl.c:1608:(.text.cert_stuff[cert_stuff]+0x33a5): undefined reference to `UI_method_set_opener'
/usr/bin/ld: /home/oof/curl/lib/vtls/openssl.c:1609:(.text.cert_stuff[cert_stuff]+0x33b8): undefined reference to `UI_OpenSSL'
/usr/bin/ld: /home/oof/curl/lib/vtls/openssl.c:1609:(.text.cert_stuff[cert_stuff]+0x33c0): undefined reference to `UI_method_get_closer'
/usr/bin/ld: /home/oof/curl/lib/vtls/openssl.c:1609:(.text.cert_stuff[cert_stuff]+0x33cf): undefined reference to `UI_method_set_closer'
/usr/bin/ld: /home/oof/curl/lib/vtls/openssl.c:1610:(.text.cert_stuff[cert_stuff]+0x33e2): undefined reference to `UI_method_set_reader'
/usr/bin/ld: /home/oof/curl/lib/vtls/openssl.c:1611:(.text.cert_stuff[cert_stuff]+0x33f5): undefined reference to `UI_method_set_writer'
/usr/bin/ld: /home/oof/curl/lib/vtls/openssl.c:1612:(.text.cert_stuff[cert_stuff]+0x3568): undefined reference to `ENGINE_load_private_key'
/usr/bin/ld: /home/oof/curl/lib/vtls/openssl.c:1615:(.text.cert_stuff[cert_stuff]+0x357b): undefined reference to `UI_destroy_method'
/usr/bin/ld: /home/oof/curl/lib/vtls/openssl.c:1620:(.text.cert_stuff[cert_stuff]+0x35fa): undefined reference to `SSL_CTX_use_PrivateKey'
/usr/bin/ld: /home/oof/curl/lib/vtls/openssl.c:1622:(.text.cert_stuff[cert_stuff]+0x3654): undefined reference to `EVP_PKEY_free'
/usr/bin/ld: /home/oof/curl/lib/vtls/openssl.c:1625:(.text.cert_stuff[cert_stuff]+0x36a9): undefined reference to `EVP_PKEY_free'
/usr/bin/ld: /home/oof/curl/lib/vtls/openssl.c:1654:(.text.cert_stuff[cert_stuff]+0x3bb4): undefined reference to `UI_create_method'
/usr/bin/ld: /home/oof/curl/lib/vtls/openssl.c:1660:(.text.cert_stuff[cert_stuff]+0x3c37): undefined reference to `UI_OpenSSL'
/usr/bin/ld: /home/oof/curl/lib/vtls/openssl.c:1660:(.text.cert_stuff[cert_stuff]+0x3c3f): undefined reference to `UI_method_get_opener'
/usr/bin/ld: /home/oof/curl/lib/vtls/openssl.c:1660:(.text.cert_stuff[cert_stuff]+0x3c4b): undefined reference to `UI_method_set_opener'
/usr/bin/ld: /home/oof/curl/lib/vtls/openssl.c:1661:(.text.cert_stuff[cert_stuff]+0x3c5b): undefined reference to `UI_OpenSSL'
/usr/bin/ld: /home/oof/curl/lib/vtls/openssl.c:1661:(.text.cert_stuff[cert_stuff]+0x3c63): undefined reference to `UI_method_get_closer'
/usr/bin/ld: /home/oof/curl/lib/vtls/openssl.c:1661:(.text.cert_stuff[cert_stuff]+0x3c6f): undefined reference to `UI_method_set_closer'
/usr/bin/ld: /home/oof/curl/lib/vtls/openssl.c:1662:(.text.cert_stuff[cert_stuff]+0x3c82): undefined reference to `UI_method_set_reader'
/usr/bin/ld: /home/oof/curl/lib/vtls/openssl.c:1663:(.text.cert_stuff[cert_stuff]+0x3c95): undefined reference to `UI_method_set_writer'
/usr/bin/ld: /home/oof/curl/lib/vtls/openssl.c:1665:(.text.cert_stuff[cert_stuff]+0x3f63): undefined reference to `OSSL_STORE_open_ex'
/usr/bin/ld: /home/oof/curl/lib/vtls/openssl.c:1670:(.text.cert_stuff[cert_stuff]+0x3fbc): undefined reference to `ERR_get_error'
/usr/bin/ld: /home/oof/curl/lib/vtls/openssl.c:1674:(.text.cert_stuff[cert_stuff]+0x400f): undefined reference to `OSSL_STORE_expect'
/usr/bin/ld: /home/oof/curl/lib/vtls/openssl.c:1676:(.text.cert_stuff[cert_stuff]+0x408d): undefined reference to `ERR_get_error'
/usr/bin/ld: /home/oof/curl/lib/vtls/openssl.c:1680:(.text.cert_stuff[cert_stuff]+0x40c2): undefined reference to `OSSL_STORE_load'
/usr/bin/ld: /home/oof/curl/lib/vtls/openssl.c:1682:(.text.cert_stuff[cert_stuff]+0x4118): undefined reference to `OSSL_STORE_INFO_get_type'
/usr/bin/ld: /home/oof/curl/lib/vtls/openssl.c:1685:(.text.cert_stuff[cert_stuff]+0x419c): undefined reference to `OSSL_STORE_INFO_get1_PKEY'
/usr/bin/ld: /home/oof/curl/lib/vtls/openssl.c:1686:(.text.cert_stuff[cert_stuff]+0x41af): undefined reference to `OSSL_STORE_INFO_free'
/usr/bin/ld: /home/oof/curl/lib/vtls/openssl.c:1688:(.text.cert_stuff[cert_stuff]+0x41bb): undefined reference to `OSSL_STORE_close'
/usr/bin/ld: /home/oof/curl/lib/vtls/openssl.c:1689:(.text.cert_stuff[cert_stuff]+0x41c7): undefined reference to `UI_destroy_method'
/usr/bin/ld: /home/oof/curl/lib/vtls/openssl.c:1692:(.text.cert_stuff[cert_stuff]+0x4215): undefined reference to `ERR_get_error'
/usr/bin/ld: /home/oof/curl/lib/vtls/openssl.c:1697:(.text.cert_stuff[cert_stuff]+0x426a): undefined reference to `SSL_CTX_use_PrivateKey'
/usr/bin/ld: /home/oof/curl/lib/vtls/openssl.c:1699:(.text.cert_stuff[cert_stuff]+0x42b3): undefined reference to `ERR_get_error'
/usr/bin/ld: /home/oof/curl/lib/vtls/openssl.c:1701:(.text.cert_stuff[cert_stuff]+0x42e8): undefined reference to `EVP_PKEY_free'
/usr/bin/ld: /home/oof/curl/lib/vtls/openssl.c:1704:(.text.cert_stuff[cert_stuff]+0x433d): undefined reference to `EVP_PKEY_free'
/usr/bin/ld: /home/oof/curl/lib/vtls/openssl.c:1725:(.text.cert_stuff[cert_stuff]+0x4531): undefined reference to `SSL_new'
/usr/bin/ld: /home/oof/curl/lib/vtls/openssl.c:1731:(.text.cert_stuff[cert_stuff]+0x45b0): undefined reference to `SSL_get_certificate'
/usr/bin/ld: /home/oof/curl/lib/vtls/openssl.c:1736:(.text.cert_stuff[cert_stuff]+0x463f): undefined reference to `X509_get_pubkey'
/usr/bin/ld: /home/oof/curl/lib/vtls/openssl.c:1737:(.text.cert_stuff[cert_stuff]+0x465d): undefined reference to `SSL_get_privatekey'
/usr/bin/ld: /home/oof/curl/lib/vtls/openssl.c:1737:(.text.cert_stuff[cert_stuff]+0x4669): undefined reference to `EVP_PKEY_copy_parameters'
/usr/bin/ld: /home/oof/curl/lib/vtls/openssl.c:1738:(.text.cert_stuff[cert_stuff]+0x4675): undefined reference to `EVP_PKEY_free'
/usr/bin/ld: /home/oof/curl/lib/vtls/openssl.c:1746:(.text.cert_stuff[cert_stuff]+0x4681): undefined reference to `SSL_get_privatekey'
/usr/bin/ld: /home/oof/curl/lib/vtls/openssl.c:1749:(.text.cert_stuff[cert_stuff]+0x4694): undefined reference to `EVP_PKEY_get_id'
/usr/bin/ld: /home/oof/curl/lib/vtls/openssl.c:1754:(.text.cert_stuff[cert_stuff]+0x46e8): undefined reference to `EVP_PKEY_get1_RSA'
/usr/bin/ld: /home/oof/curl/lib/vtls/openssl.c:1755:(.text.cert_stuff[cert_stuff]+0x46fb): undefined reference to `RSA_flags'
/usr/bin/ld: /home/oof/curl/lib/vtls/openssl.c:1757:(.text.cert_stuff[cert_stuff]+0x477f): undefined reference to `RSA_free'
/usr/bin/ld: /home/oof/curl/lib/vtls/openssl.c:1762:(.text.cert_stuff[cert_stuff]+0x478b): undefined reference to `SSL_free'
/usr/bin/ld: /home/oof/curl/lib/vtls/openssl.c:1770:(.text.cert_stuff[cert_stuff]+0x4823): undefined reference to `SSL_CTX_check_private_key'
/usr/bin/ld: /home/oof/curl_build/lib/libcurl.a(libcurl_la-openssl.o): in function `ossl_init_ssl':
/home/oof/curl/lib/vtls/openssl.c:3876:(.text.ossl_init_ssl[ossl_init_ssl]+0x28a): undefined reference to `SSL_free'
/usr/bin/ld: /home/oof/curl/lib/vtls/openssl.c:3877:(.text.ossl_init_ssl[ossl_init_ssl]+0x362): undefined reference to `SSL_new'
/usr/bin/ld: /home/oof/curl/lib/vtls/openssl.c:3883:(.text.ossl_init_ssl[ossl_init_ssl]+0x67f): undefined reference to `SSL_set_ex_data'
/usr/bin/ld: /home/oof/curl/lib/vtls/openssl.c:3887:(.text.ossl_init_ssl[ossl_init_ssl]+0x8b5): undefined reference to `SSL_ctrl'
/usr/bin/ld: /home/oof/curl/lib/vtls/openssl.c:3895:(.text.ossl_init_ssl[ossl_init_ssl]+0x9a7): undefined reference to `SSL_set_connect_state'
/usr/bin/ld: /home/oof/curl/lib/vtls/openssl.c:3900:(.text.ossl_init_ssl[ossl_init_ssl]+0xdb7): undefined reference to `SSL_ctrl'
/usr/bin/ld: /home/oof/curl_build/lib/libcurl.a(libcurl_la-openssl.o): in function `Curl_oss_check_peer_cert':
/home/oof/curl/lib/vtls/openssl.c:4847:(.text.Curl_oss_check_peer_cert[Curl_oss_check_peer_cert]+0x37a): undefined reference to `BIO_s_mem'
/usr/bin/ld: /home/oof/curl/lib/vtls/openssl.c:4847:(.text.Curl_oss_check_peer_cert[Curl_oss_check_peer_cert]+0x382): undefined reference to `BIO_new'
/usr/bin/ld: /home/oof/curl/lib/vtls/openssl.c:4859:(.text.Curl_oss_check_peer_cert[Curl_oss_check_peer_cert]+0x682): undefined reference to `ERR_get_error'
/usr/bin/ld: /home/oof/curl/lib/vtls/openssl.c:4868:(.text.Curl_oss_check_peer_cert[Curl_oss_check_peer_cert]+0xac2): undefined reference to `SSL_get1_peer_certificate'
/usr/bin/ld: /home/oof/curl/lib/vtls/openssl.c:4870:(.text.Curl_oss_check_peer_cert[Curl_oss_check_peer_cert]+0xcc3): undefined reference to `BIO_free'
/usr/bin/ld: /home/oof/curl/lib/vtls/openssl.c:4881:(.text.Curl_oss_check_peer_cert[Curl_oss_check_peer_cert]+0x15c7): undefined reference to `X509_get_subject_name'
/usr/bin/ld: /home/oof/curl/lib/vtls/openssl.c:4889:(.text.Curl_oss_check_peer_cert[Curl_oss_check_peer_cert]+0x1e1c): undefined reference to `X509_get0_notBefore'
/usr/bin/ld: /home/oof/curl/lib/vtls/openssl.c:4889:(.text.Curl_oss_check_peer_cert[Curl_oss_check_peer_cert]+0x1e2b): undefined reference to `ASN1_TIME_print'
/usr/bin/ld: /home/oof/curl/lib/vtls/openssl.c:4890:(.text.Curl_oss_check_peer_cert[Curl_oss_check_peer_cert]+0x1e47): undefined reference to `BIO_ctrl'
/usr/bin/ld: /home/oof/curl/lib/vtls/openssl.c:4892:(.text.Curl_oss_check_peer_cert[Curl_oss_check_peer_cert]+0x2503): undefined reference to `BIO_ctrl'
/usr/bin/ld: /home/oof/curl/lib/vtls/openssl.c:4894:(.text.Curl_oss_check_peer_cert[Curl_oss_check_peer_cert]+0x2606): undefined reference to `X509_get0_notAfter'
/usr/bin/ld: /home/oof/curl/lib/vtls/openssl.c:4894:(.text.Curl_oss_check_peer_cert[Curl_oss_check_peer_cert]+0x2615): undefined reference to `ASN1_TIME_print'
/usr/bin/ld: /home/oof/curl/lib/vtls/openssl.c:4895:(.text.Curl_oss_check_peer_cert[Curl_oss_check_peer_cert]+0x2631): undefined reference to `BIO_ctrl'
/usr/bin/ld: /home/oof/curl/lib/vtls/openssl.c:4897:(.text.Curl_oss_check_peer_cert[Curl_oss_check_peer_cert]+0x2ced): undefined reference to `BIO_ctrl'
/usr/bin/ld: /home/oof/curl/lib/vtls/openssl.c:4901:(.text.Curl_oss_check_peer_cert[Curl_oss_check_peer_cert]+0x2d04): undefined reference to `BIO_free'
/usr/bin/ld: /home/oof/curl/lib/vtls/openssl.c:4906:(.text.Curl_oss_check_peer_cert[Curl_oss_check_peer_cert]+0x303c): undefined reference to `X509_free'
/usr/bin/ld: /home/oof/curl/lib/vtls/openssl.c:4913:(.text.Curl_oss_check_peer_cert[Curl_oss_check_peer_cert]+0x32b0): undefined reference to `X509_get_issuer_name'
/usr/bin/ld: /home/oof/curl/lib/vtls/openssl.c:4930:(.text.Curl_oss_check_peer_cert[Curl_oss_check_peer_cert]+0x41a5): undefined reference to `BIO_new_mem_buf'
/usr/bin/ld: /home/oof/curl/lib/vtls/openssl.c:4936:(.text.Curl_oss_check_peer_cert[Curl_oss_check_peer_cert]+0x41cd): undefined reference to `ERR_get_error'
/usr/bin/ld: /home/oof/curl/lib/vtls/openssl.c:4938:(.text.Curl_oss_check_peer_cert[Curl_oss_check_peer_cert]+0x42ee): undefined reference to `X509_free'
/usr/bin/ld: /home/oof/curl/lib/vtls/openssl.c:4944:(.text.Curl_oss_check_peer_cert[Curl_oss_check_peer_cert]+0x4469): undefined reference to `BIO_s_file'
/usr/bin/ld: /home/oof/curl/lib/vtls/openssl.c:4944:(.text.Curl_oss_check_peer_cert[Curl_oss_check_peer_cert]+0x4471): undefined reference to `BIO_new'
/usr/bin/ld: /home/oof/curl/lib/vtls/openssl.c:4949:(.text.Curl_oss_check_peer_cert[Curl_oss_check_peer_cert]+0x4499): undefined reference to `ERR_get_error'
/usr/bin/ld: /home/oof/curl/lib/vtls/openssl.c:4951:(.text.Curl_oss_check_peer_cert[Curl_oss_check_peer_cert]+0x45ba): undefined reference to `X509_free'
/usr/bin/ld: /home/oof/curl/lib/vtls/openssl.c:4956:(.text.Curl_oss_check_peer_cert[Curl_oss_check_peer_cert]+0x480f): undefined reference to `BIO_ctrl'
/usr/bin/ld: /home/oof/curl/lib/vtls/openssl.c:4960:(.text.Curl_oss_check_peer_cert[Curl_oss_check_peer_cert]+0x49f7): undefined reference to `BIO_free'
/usr/bin/ld: /home/oof/curl/lib/vtls/openssl.c:4961:(.text.Curl_oss_check_peer_cert[Curl_oss_check_peer_cert]+0x4aec): undefined reference to `X509_free'
/usr/bin/ld: /home/oof/curl/lib/vtls/openssl.c:4967:(.text.Curl_oss_check_peer_cert[Curl_oss_check_peer_cert]+0x4c73): undefined reference to `PEM_read_bio_X509'
/usr/bin/ld: /home/oof/curl/lib/vtls/openssl.c:4972:(.text.Curl_oss_check_peer_cert[Curl_oss_check_peer_cert]+0x4e67): undefined reference to `BIO_free'
/usr/bin/ld: /home/oof/curl/lib/vtls/openssl.c:4973:(.text.Curl_oss_check_peer_cert[Curl_oss_check_peer_cert]+0x4e73): undefined reference to `X509_free'
/usr/bin/ld: /home/oof/curl/lib/vtls/openssl.c:4974:(.text.Curl_oss_check_peer_cert[Curl_oss_check_peer_cert]+0x4f68): undefined reference to `X509_free'
/usr/bin/ld: /home/oof/curl/lib/vtls/openssl.c:4979:(.text.Curl_oss_check_peer_cert[Curl_oss_check_peer_cert]+0x51b3): undefined reference to `X509_check_issued'
/usr/bin/ld: /home/oof/curl/lib/vtls/openssl.c:4983:(.text.Curl_oss_check_peer_cert[Curl_oss_check_peer_cert]+0x539b): undefined reference to `BIO_free'
/usr/bin/ld: /home/oof/curl/lib/vtls/openssl.c:4984:(.text.Curl_oss_check_peer_cert[Curl_oss_check_peer_cert]+0x53a7): undefined reference to `X509_free'
/usr/bin/ld: /home/oof/curl/lib/vtls/openssl.c:4985:(.text.Curl_oss_check_peer_cert[Curl_oss_check_peer_cert]+0x549c): undefined reference to `X509_free'
/usr/bin/ld: /home/oof/curl/lib/vtls/openssl.c:4992:(.text.Curl_oss_check_peer_cert[Curl_oss_check_peer_cert]+0x5dda): undefined reference to `BIO_free'
/usr/bin/ld: /home/oof/curl/lib/vtls/openssl.c:4993:(.text.Curl_oss_check_peer_cert[Curl_oss_check_peer_cert]+0x5de6): undefined reference to `X509_free'
/usr/bin/ld: /home/oof/curl/lib/vtls/openssl.c:4996:(.text.Curl_oss_check_peer_cert[Curl_oss_check_peer_cert]+0x5edb): undefined reference to `SSL_get_verify_result'
/usr/bin/ld: /home/oof/curl/lib/vtls/openssl.c:5004:(.text.Curl_oss_check_peer_cert[Curl_oss_check_peer_cert]+0x6193): undefined reference to `X509_verify_cert_error_string'
/usr/bin/ld: /home/oof/curl/lib/vtls/openssl.c:5008:(.text.Curl_oss_check_peer_cert[Curl_oss_check_peer_cert]+0x684b): undefined reference to `X509_verify_cert_error_string'
/usr/bin/ld: /home/oof/curl/lib/vtls/openssl.c:5022:(.text.Curl_oss_check_peer_cert[Curl_oss_check_peer_cert]+0x7392): undefined reference to `X509_free'
/usr/bin/ld: /home/oof/curl/lib/vtls/openssl.c:5046:(.text.Curl_oss_check_peer_cert[Curl_oss_check_peer_cert]+0x7db1): undefined reference to `X509_free'
/usr/bin/ld: /home/oof/curl_build/lib/libcurl.a(libcurl_la-openssl.o): in function `ossl_certchain':
/home/oof/curl/lib/vtls/openssl.c:395:(.text.ossl_certchain[ossl_certchain]+0x30b): undefined reference to `SSL_get_peer_cert_chain'
/usr/bin/ld: /home/oof/curl/lib/vtls/openssl.c:400:(.text.ossl_certchain[ossl_certchain]+0x37d): undefined reference to `OPENSSL_sk_num'
/usr/bin/ld: /home/oof/curl/lib/vtls/openssl.c:406:(.text.ossl_certchain[ossl_certchain]+0x3f8): undefined reference to `BIO_s_mem'
/usr/bin/ld: /home/oof/curl/lib/vtls/openssl.c:406:(.text.ossl_certchain[ossl_certchain]+0x400): undefined reference to `BIO_new'
/usr/bin/ld: /home/oof/curl/lib/vtls/openssl.c:412:(.text.ossl_certchain[ossl_certchain]+0x57a): undefined reference to `OPENSSL_sk_value'
/usr/bin/ld: /home/oof/curl/lib/vtls/openssl.c:417:(.text.ossl_certchain[ossl_certchain]+0x5c2): undefined reference to `X509_get_subject_name'
/usr/bin/ld: /home/oof/curl/lib/vtls/openssl.c:417:(.text.ossl_certchain[ossl_certchain]+0x770): undefined reference to `X509_NAME_print_ex'
/usr/bin/ld: /home/oof/curl/lib/vtls/openssl.c:422:(.text.ossl_certchain[ossl_certchain]+0x7fc): undefined reference to `X509_get_issuer_name'
/usr/bin/ld: /home/oof/curl/lib/vtls/openssl.c:422:(.text.ossl_certchain[ossl_certchain]+0x9aa): undefined reference to `X509_NAME_print_ex'
/usr/bin/ld: /home/oof/curl/lib/vtls/openssl.c:427:(.text.ossl_certchain[ossl_certchain]+0xa36): undefined reference to `X509_get_version'
/usr/bin/ld: /home/oof/curl/lib/vtls/openssl.c:427:(.text.ossl_certchain[ossl_certchain]+0xa4e): undefined reference to `BIO_printf'
/usr/bin/ld: /home/oof/curl/lib/vtls/openssl.c:432:(.text.ossl_certchain[ossl_certchain]+0xacc): undefined reference to `X509_get_serialNumber'
/usr/bin/ld: /home/oof/curl/lib/vtls/openssl.c:434:(.text.ossl_certchain[ossl_certchain]+0xc68): undefined reference to `BIO_puts'
/usr/bin/ld: /home/oof/curl/lib/vtls/openssl.c:436:(.text.ossl_certchain[ossl_certchain]+0x1005): undefined reference to `BIO_printf'
/usr/bin/ld: /home/oof/curl/lib/vtls/openssl.c:447:(.text.ossl_certchain[ossl_certchain]+0x1154): undefined reference to `X509_get0_signature'
/usr/bin/ld: /home/oof/curl/lib/vtls/openssl.c:450:(.text.ossl_certchain[ossl_certchain]+0x11c9): undefined reference to `X509_ALGOR_get0'
/usr/bin/ld: /home/oof/curl/lib/vtls/openssl.c:451:(.text.ossl_certchain[ossl_certchain]+0x11df): undefined reference to `i2a_ASN1_OBJECT'
/usr/bin/ld: /home/oof/curl/lib/vtls/openssl.c:457:(.text.ossl_certchain[ossl_certchain]+0x131a): undefined reference to `X509_get_X509_PUBKEY'
/usr/bin/ld: /home/oof/curl/lib/vtls/openssl.c:459:(.text.ossl_certchain[ossl_certchain]+0x1381): undefined reference to `X509_PUBKEY_get0_param'
/usr/bin/ld: /home/oof/curl/lib/vtls/openssl.c:461:(.text.ossl_certchain[ossl_certchain]+0x13dd): undefined reference to `i2a_ASN1_OBJECT'
/usr/bin/ld: /home/oof/curl/lib/vtls/openssl.c:468:(.text.ossl_certchain[ossl_certchain]+0x14aa): undefined reference to `X509_get0_extensions'
/usr/bin/ld: /home/oof/curl/lib/vtls/openssl.c:495:(.text.ossl_certchain[ossl_certchain]+0x15bc): undefined reference to `X509_get0_notBefore'
/usr/bin/ld: /home/oof/curl/lib/vtls/openssl.c:495:(.text.ossl_certchain[ossl_certchain]+0x15cb): undefined reference to `ASN1_TIME_print'
/usr/bin/ld: /home/oof/curl/lib/vtls/openssl.c:500:(.text.ossl_certchain[ossl_certchain]+0x1657): undefined reference to `X509_get0_notAfter'
/usr/bin/ld: /home/oof/curl/lib/vtls/openssl.c:500:(.text.ossl_certchain[ossl_certchain]+0x1666): undefined reference to `ASN1_TIME_print'
/usr/bin/ld: /home/oof/curl/lib/vtls/openssl.c:505:(.text.ossl_certchain[ossl_certchain]+0x16e4): undefined reference to `X509_get_pubkey'
/usr/bin/ld: /home/oof/curl/lib/vtls/openssl.c:511:(.text.ossl_certchain[ossl_certchain]+0x1dae): undefined reference to `EVP_PKEY_get_id'
/usr/bin/ld: /home/oof/curl/lib/vtls/openssl.c:531:(.text.ossl_certchain[ossl_certchain]+0x1e60): undefined reference to `EVP_PKEY_get_bn_param'
/usr/bin/ld: /home/oof/curl/lib/vtls/openssl.c:532:(.text.ossl_certchain[ossl_certchain]+0x1e7a): undefined reference to `EVP_PKEY_get_bn_param'
/usr/bin/ld: /home/oof/curl/lib/vtls/openssl.c:536:(.text.ossl_certchain[ossl_certchain]+0x1ed9): undefined reference to `BN_num_bits'
/usr/bin/ld: /home/oof/curl/lib/vtls/openssl.c:536:(.text.ossl_certchain[ossl_certchain]+0x1f2b): undefined reference to `BIO_printf'
/usr/bin/ld: /home/oof/curl/lib/vtls/openssl.c:545:(.text.ossl_certchain[ossl_certchain]+0x2042): undefined reference to `BN_clear_free'
/usr/bin/ld: /home/oof/curl/lib/vtls/openssl.c:546:(.text.ossl_certchain[ossl_certchain]+0x2051): undefined reference to `BN_clear_free'
/usr/bin/ld: /home/oof/curl/lib/vtls/openssl.c:569:(.text.ossl_certchain[ossl_certchain]+0x217e): undefined reference to `EVP_PKEY_get_bn_param'
/usr/bin/ld: /home/oof/curl/lib/vtls/openssl.c:570:(.text.ossl_certchain[ossl_certchain]+0x2198): undefined reference to `EVP_PKEY_get_bn_param'
/usr/bin/ld: /home/oof/curl/lib/vtls/openssl.c:571:(.text.ossl_certchain[ossl_certchain]+0x21b2): undefined reference to `EVP_PKEY_get_bn_param'
/usr/bin/ld: /home/oof/curl/lib/vtls/openssl.c:572:(.text.ossl_certchain[ossl_certchain]+0x21cc): undefined reference to `EVP_PKEY_get_bn_param'
/usr/bin/ld: /home/oof/curl/lib/vtls/openssl.c:582:(.text.ossl_certchain[ossl_certchain]+0x229f): undefined reference to `BN_clear_free'
/usr/bin/ld: /home/oof/curl/lib/vtls/openssl.c:583:(.text.ossl_certchain[ossl_certchain]+0x22ae): undefined reference to `BN_clear_free'
/usr/bin/ld: /home/oof/curl/lib/vtls/openssl.c:584:(.text.ossl_certchain[ossl_certchain]+0x22bd): undefined reference to `BN_clear_free'
/usr/bin/ld: /home/oof/curl/lib/vtls/openssl.c:585:(.text.ossl_certchain[ossl_certchain]+0x22cc): undefined reference to `BN_clear_free'
/usr/bin/ld: /home/oof/curl/lib/vtls/openssl.c:606:(.text.ossl_certchain[ossl_certchain]+0x237f): undefined reference to `EVP_PKEY_get_bn_param'
/usr/bin/ld: /home/oof/curl/lib/vtls/openssl.c:607:(.text.ossl_certchain[ossl_certchain]+0x2399): undefined reference to `EVP_PKEY_get_bn_param'
/usr/bin/ld: /home/oof/curl/lib/vtls/openssl.c:608:(.text.ossl_certchain[ossl_certchain]+0x23b3): undefined reference to `EVP_PKEY_get_bn_param'
/usr/bin/ld: /home/oof/curl/lib/vtls/openssl.c:609:(.text.ossl_certchain[ossl_certchain]+0x23cd): undefined reference to `EVP_PKEY_get_bn_param'
/usr/bin/ld: /home/oof/curl/lib/vtls/openssl.c:622:(.text.ossl_certchain[ossl_certchain]+0x24a0): undefined reference to `BN_clear_free'
/usr/bin/ld: /home/oof/curl/lib/vtls/openssl.c:623:(.text.ossl_certchain[ossl_certchain]+0x24af): undefined reference to `BN_clear_free'
/usr/bin/ld: /home/oof/curl/lib/vtls/openssl.c:624:(.text.ossl_certchain[ossl_certchain]+0x24be): undefined reference to `BN_clear_free'
/usr/bin/ld: /home/oof/curl/lib/vtls/openssl.c:625:(.text.ossl_certchain[ossl_certchain]+0x24cd): undefined reference to `BN_clear_free'
/usr/bin/ld: /home/oof/curl/lib/vtls/openssl.c:630:(.text.ossl_certchain[ossl_certchain]+0x24f0): undefined reference to `EVP_PKEY_free'
/usr/bin/ld: /home/oof/curl/lib/vtls/openssl.c:635:(.text.ossl_certchain[ossl_certchain]+0x28cd): undefined reference to `BIO_printf'
/usr/bin/ld: /home/oof/curl/lib/vtls/openssl.c:640:(.text.ossl_certchain[ossl_certchain]+0x2a36): undefined reference to `PEM_write_bio_X509'
/usr/bin/ld: /home/oof/curl/lib/vtls/openssl.c:645:(.text.ossl_certchain[ossl_certchain]+0x2b58): undefined reference to `BIO_free'
/usr/bin/ld: /home/oof/curl_build/lib/libcurl.a(libcurl_la-openssl.o): in function `x509_name_oneline':
/home/oof/curl/lib/vtls/openssl.c:1782:(.text.x509_name_oneline[x509_name_oneline]+0x136): undefined reference to `BIO_s_mem'
/usr/bin/ld: /home/oof/curl/lib/vtls/openssl.c:1782:(.text.x509_name_oneline[x509_name_oneline]+0x13e): undefined reference to `BIO_new'
/usr/bin/ld: /home/oof/curl/lib/vtls/openssl.c:1789:(.text.x509_name_oneline[x509_name_oneline]+0x291): undefined reference to `X509_NAME_print_ex'
/usr/bin/ld: /home/oof/curl/lib/vtls/openssl.c:1791:(.text.x509_name_oneline[x509_name_oneline]+0x2f2): undefined reference to `BIO_ctrl'
/usr/bin/ld: /home/oof/curl/lib/vtls/openssl.c:1793:(.text.x509_name_oneline[x509_name_oneline]+0x508): undefined reference to `BIO_free'
/usr/bin/ld: /home/oof/curl_build/lib/libcurl.a(libcurl_la-openssl.o): in function `ossl_verifyhost':
/home/oof/curl/lib/vtls/openssl.c:2334:(.text.ossl_verifyhost[ossl_verifyhost]+0x819): undefined reference to `X509_get_ext_d2i'
/usr/bin/ld: /home/oof/curl/lib/vtls/openssl.c:2349:(.text.ossl_verifyhost[ossl_verifyhost]+0x885): undefined reference to `OPENSSL_sk_num'
/usr/bin/ld: /home/oof/curl/lib/vtls/openssl.c:2354:(.text.ossl_verifyhost[ossl_verifyhost]+0x99c): undefined reference to `OPENSSL_sk_value'
/usr/bin/ld: /home/oof/curl/lib/vtls/openssl.c:2364:(.text.ossl_verifyhost[ossl_verifyhost]+0xf04): undefined reference to `ASN1_STRING_get0_data'
/usr/bin/ld: /home/oof/curl/lib/vtls/openssl.c:2365:(.text.ossl_verifyhost[ossl_verifyhost]+0x1058): undefined reference to `ASN1_STRING_length'
/usr/bin/ld: /home/oof/curl/lib/vtls/openssl.c:2401:(.text.ossl_verifyhost[ossl_verifyhost]+0x1df4): undefined reference to `GENERAL_NAMES_free'
/usr/bin/ld: /home/oof/curl/lib/vtls/openssl.c:2428:(.text.ossl_verifyhost[ossl_verifyhost]+0x2d7b): undefined reference to `X509_get_subject_name'
/usr/bin/ld: /home/oof/curl/lib/vtls/openssl.c:2431:(.text.ossl_verifyhost[ossl_verifyhost]+0x2ddc): undefined reference to `X509_NAME_get_index_by_NID'
/usr/bin/ld: /home/oof/curl/lib/vtls/openssl.c:2441:(.text.ossl_verifyhost[ossl_verifyhost]+0x2eb0): undefined reference to `X509_NAME_get_entry'
/usr/bin/ld: /home/oof/curl/lib/vtls/openssl.c:2441:(.text.ossl_verifyhost[ossl_verifyhost]+0x2eb8): undefined reference to `X509_NAME_ENTRY_get_data'
/usr/bin/ld: /home/oof/curl/lib/vtls/openssl.c:2448:(.text.ossl_verifyhost[ossl_verifyhost]+0x2f0e): undefined reference to `ASN1_STRING_type'
/usr/bin/ld: /home/oof/curl/lib/vtls/openssl.c:2449:(.text.ossl_verifyhost[ossl_verifyhost]+0x2f53): undefined reference to `ASN1_STRING_length'
/usr/bin/ld: /home/oof/curl/lib/vtls/openssl.c:2450:(.text.ossl_verifyhost[ossl_verifyhost]+0x2f65): undefined reference to `ASN1_STRING_get0_data'
/usr/bin/ld: /home/oof/curl/lib/vtls/openssl.c:2453:(.text.ossl_verifyhost[ossl_verifyhost]+0x2fba): undefined reference to `ASN1_STRING_to_UTF8'
/usr/bin/ld: /home/oof/curl/lib/vtls/openssl.c:2486:(.text.ossl_verifyhost[ossl_verifyhost]+0x3bcc): undefined reference to `CRYPTO_free'
/usr/bin/ld: /home/oof/curl_build/lib/libcurl.a(libcurl_la-openssl.o): in function `infof_certstack':
/home/oof/curl/lib/vtls/openssl.c:4775:(.text.infof_certstack[infof_certstack]+0x1f8): undefined reference to `SSL_get_verify_result'
/usr/bin/ld: /home/oof/curl/lib/vtls/openssl.c:4777:(.text.infof_certstack[infof_certstack]+0x249): undefined reference to `SSL_get_peer_cert_chain'
/usr/bin/ld: /home/oof/curl/lib/vtls/openssl.c:4779:(.text.infof_certstack[infof_certstack]+0x291): undefined reference to `SSL_get0_verified_chain'
/usr/bin/ld: /home/oof/curl/lib/vtls/openssl.c:4780:(.text.infof_certstack[infof_certstack]+0x2ac): undefined reference to `OPENSSL_sk_num'
/usr/bin/ld: /home/oof/curl/lib/vtls/openssl.c:4794:(.text.infof_certstack[infof_certstack]+0x363): undefined reference to `OPENSSL_sk_value'
/usr/bin/ld: /home/oof/curl/lib/vtls/openssl.c:4796:(.text.infof_certstack[infof_certstack]+0x381): undefined reference to `X509_get0_signature'
/usr/bin/ld: /home/oof/curl/lib/vtls/openssl.c:4797:(.text.infof_certstack[infof_certstack]+0x39e): undefined reference to `X509_ALGOR_get0'
/usr/bin/ld: /home/oof/curl/lib/vtls/openssl.c:4798:(.text.infof_certstack[infof_certstack]+0x3bb): undefined reference to `OBJ_obj2txt'
/usr/bin/ld: /home/oof/curl/lib/vtls/openssl.c:4800:(.text.infof_certstack[infof_certstack]+0x3c7): undefined reference to `X509_get0_pubkey'
/usr/bin/ld: /home/oof/curl/lib/vtls/openssl.c:4801:(.text.infof_certstack[infof_certstack]+0x3da): undefined reference to `EVP_PKEY_get_bits'
/usr/bin/ld: /home/oof/curl/lib/vtls/openssl.c:4805:(.text.infof_certstack[infof_certstack]+0x3ec): undefined reference to `EVP_PKEY_get_security_bits'
/usr/bin/ld: /home/oof/curl/lib/vtls/openssl.c:4809:(.text.infof_certstack[infof_certstack]+0x438): undefined reference to `EVP_PKEY_get_group_name'
/usr/bin/ld: /home/oof/curl/lib/vtls/openssl.c:4813:(.text.infof_certstack[infof_certstack]+0x4c4): undefined reference to `EVP_PKEY_get0_type_name'
/usr/bin/ld: /home/oof/curl_build/lib/libcurl.a(libcurl_la-openssl.o): in function `verifystatus':
/home/oof/curl/lib/vtls/openssl.c:2519:(.text.verifystatus[verifystatus]+0x3ce): undefined reference to `SSL_ctrl'
/usr/bin/ld: /home/oof/curl/lib/vtls/openssl.c:2527:(.text.verifystatus[verifystatus]+0x461): undefined reference to `d2i_OCSP_RESPONSE'
/usr/bin/ld: /home/oof/curl/lib/vtls/openssl.c:2534:(.text.verifystatus[verifystatus]+0x4d6): undefined reference to `OCSP_response_status'
/usr/bin/ld: /home/oof/curl/lib/vtls/openssl.c:2537:(.text.verifystatus[verifystatus]+0x533): undefined reference to `OCSP_response_status_str'
/usr/bin/ld: /home/oof/curl/lib/vtls/openssl.c:2542:(.text.verifystatus[verifystatus]+0x56c): undefined reference to `OCSP_response_get1_basic'
/usr/bin/ld: /home/oof/curl/lib/vtls/openssl.c:2549:(.text.verifystatus[verifystatus]+0x6ca): undefined reference to `SSL_get_peer_cert_chain'
/usr/bin/ld: /home/oof/curl/lib/vtls/openssl.c:2555:(.text.verifystatus[verifystatus]+0x81d): undefined reference to `SSL_CTX_get_cert_store'
/usr/bin/ld: /home/oof/curl/lib/vtls/openssl.c:2557:(.text.verifystatus[verifystatus]+0x842): undefined reference to `OCSP_basic_verify'
/usr/bin/ld: /home/oof/curl/lib/vtls/openssl.c:2564:(.text.verifystatus[verifystatus]+0x994): undefined reference to `SSL_get1_peer_certificate'
/usr/bin/ld: /home/oof/curl/lib/vtls/openssl.c:2571:(.text.verifystatus[verifystatus]+0xa27): undefined reference to `OPENSSL_sk_num'
/usr/bin/ld: /home/oof/curl/lib/vtls/openssl.c:2572:(.text.verifystatus[verifystatus]+0xa86): undefined reference to `OPENSSL_sk_value'
/usr/bin/ld: /home/oof/curl/lib/vtls/openssl.c:2573:(.text.verifystatus[verifystatus]+0xaa0): undefined reference to `X509_check_issued'
/usr/bin/ld: /home/oof/curl/lib/vtls/openssl.c:2574:(.text.verifystatus[verifystatus]+0xade): undefined reference to `EVP_sha1'
/usr/bin/ld: /home/oof/curl/lib/vtls/openssl.c:2574:(.text.verifystatus[verifystatus]+0xaf4): undefined reference to `OCSP_cert_to_id'
/usr/bin/ld: /home/oof/curl/lib/vtls/openssl.c:2578:(.text.verifystatus[verifystatus]+0xc31): undefined reference to `X509_free'
/usr/bin/ld: /home/oof/curl/lib/vtls/openssl.c:2587:(.text.verifystatus[verifystatus]+0xcd1): undefined reference to `OCSP_resp_find_status'
/usr/bin/ld: /home/oof/curl/lib/vtls/openssl.c:2589:(.text.verifystatus[verifystatus]+0xce7): undefined reference to `OCSP_CERTID_free'
/usr/bin/ld: /home/oof/curl/lib/vtls/openssl.c:2597:(.text.verifystatus[verifystatus]+0xd6d): undefined reference to `OCSP_check_validity'
/usr/bin/ld: /home/oof/curl/lib/vtls/openssl.c:2603:(.text.verifystatus[verifystatus]+0x13eb): undefined reference to `OCSP_cert_status_str'
/usr/bin/ld: /home/oof/curl/lib/vtls/openssl.c:2613:(.text.verifystatus[verifystatus]+0x14e0): undefined reference to `OCSP_crl_reason_str'
/usr/bin/ld: /home/oof/curl/lib/vtls/openssl.c:2624:(.text.verifystatus[verifystatus]+0x15f1): undefined reference to `OCSP_BASICRESP_free'
/usr/bin/ld: /home/oof/curl/lib/vtls/openssl.c:2625:(.text.verifystatus[verifystatus]+0x15fd): undefined reference to `OCSP_RESPONSE_free'
/usr/bin/ld: /home/oof/curl_build/lib/libcurl.a(libcurl_la-openssl.o): in function `ossl_pkp_pin_peer_pubkey':
/home/oof/curl/lib/vtls/openssl.c:4731:(.text.ossl_pkp_pin_peer_pubkey[ossl_pkp_pin_peer_pubkey]+0x209): undefined reference to `X509_get_X509_PUBKEY'
/usr/bin/ld: /home/oof/curl/lib/vtls/openssl.c:4731:(.text.ossl_pkp_pin_peer_pubkey[ossl_pkp_pin_peer_pubkey]+0x215): undefined reference to `i2d_X509_PUBKEY'
/usr/bin/ld: /home/oof/curl/lib/vtls/openssl.c:4740:(.text.ossl_pkp_pin_peer_pubkey[ossl_pkp_pin_peer_pubkey]+0x2cc): undefined reference to `X509_get_X509_PUBKEY'
/usr/bin/ld: /home/oof/curl/lib/vtls/openssl.c:4740:(.text.ossl_pkp_pin_peer_pubkey[ossl_pkp_pin_peer_pubkey]+0x2d8): undefined reference to `i2d_X509_PUBKEY'
/usr/bin/ld: /home/oof/curl_build/lib/libcurl.a(libcurl_la-openssl.o): in function `Curl_ossl_version':
/home/oof/curl/lib/vtls/openssl.c:5553:(.text.Curl_ossl_version[Curl_ossl_version]+0x5e): undefined reference to `OpenSSL_version'
/usr/bin/ld: /home/oof/curl_build/lib/libcurl.a(libcurl_la-openssl.o): in function `ossl_init':
/home/oof/curl/lib/vtls/openssl.c:1819:(.text.ossl_init[ossl_init]+0x52): undefined reference to `OPENSSL_init_ssl'
/usr/bin/ld: /home/oof/curl_build/lib/libcurl.a(libcurl_la-openssl.o): in function `ossl_shutdown':
/home/oof/curl/lib/vtls/openssl.c:2094:(.text.ossl_shutdown[ossl_shutdown]+0x9e8): undefined reference to `SSL_get_shutdown'
/usr/bin/ld: /home/oof/curl/lib/vtls/openssl.c:2097:(.text.ossl_shutdown[ossl_shutdown]+0xa2e): undefined reference to `ERR_clear_error'
/usr/bin/ld: /home/oof/curl/lib/vtls/openssl.c:2099:(.text.ossl_shutdown[ossl_shutdown]+0xb7d): undefined reference to `SSL_read'
/usr/bin/ld: /home/oof/curl/lib/vtls/openssl.c:2104:(.text.ossl_shutdown[ossl_shutdown]+0x1643): undefined reference to `SSL_get_error'
/usr/bin/ld: /home/oof/curl/lib/vtls/openssl.c:2127:(.text.ossl_shutdown[ossl_shutdown]+0x3338): undefined reference to `SSL_get_shutdown'
/usr/bin/ld: /home/oof/curl/lib/vtls/openssl.c:2128:(.text.ossl_shutdown[ossl_shutdown]+0x337e): undefined reference to `ERR_clear_error'
/usr/bin/ld: /home/oof/curl/lib/vtls/openssl.c:2130:(.text.ossl_shutdown[ossl_shutdown]+0x3da4): undefined reference to `SSL_shutdown'
/usr/bin/ld: /home/oof/curl/lib/vtls/openssl.c:2135:(.text.ossl_shutdown[ossl_shutdown]+0x48b2): undefined reference to `SSL_get_error'
/usr/bin/ld: /home/oof/curl/lib/vtls/openssl.c:2145:(.text.ossl_shutdown[ossl_shutdown]+0x5496): undefined reference to `ERR_clear_error'
/usr/bin/ld: /home/oof/curl/lib/vtls/openssl.c:2146:(.text.ossl_shutdown[ossl_shutdown]+0x5597): undefined reference to `SSL_read'
/usr/bin/ld: /home/oof/curl/lib/vtls/openssl.c:2151:(.text.ossl_shutdown[ossl_shutdown]+0x605d): undefined reference to `SSL_get_error'
/usr/bin/ld: /home/oof/curl/lib/vtls/openssl.c:2154:(.text.ossl_shutdown[ossl_shutdown]+0x61f0): undefined reference to `SSL_shutdown'
/usr/bin/ld: /home/oof/curl/lib/vtls/openssl.c:2174:(.text.ossl_shutdown[ossl_shutdown]+0x8c47): undefined reference to `ERR_get_error'
/usr/bin/ld: /home/oof/curl_build/lib/libcurl.a(libcurl_la-openssl.o): in function `ossl_random':
/home/oof/curl/lib/vtls/openssl.c:5603:(.text.ossl_random[ossl_random]+0x17d): undefined reference to `RAND_bytes'
/usr/bin/ld: /home/oof/curl_build/lib/libcurl.a(libcurl_la-openssl.o): in function `ossl_connect':
/home/oof/curl/lib/vtls/openssl.c:5211:(.text.ossl_connect[ossl_connect]+0x3248): undefined reference to `SSL_get_early_data_status'
/usr/bin/ld: /home/oof/curl_build/lib/libcurl.a(libcurl_la-openssl.o): in function `ossl_close':
/home/oof/curl/lib/vtls/openssl.c:2202:(.text.ossl_close[ossl_close]+0x515): undefined reference to `SSL_free'
/usr/bin/ld: /home/oof/curl/lib/vtls/openssl.c:2206:(.text.ossl_close[ossl_close]+0x839): undefined reference to `SSL_CTX_free'
/usr/bin/ld: /home/oof/curl_build/lib/libcurl.a(libcurl_la-openssl.o): in function `ossl_close_all':
/home/oof/curl/lib/vtls/openssl.c:2224:(.text.ossl_close_all[ossl_close_all]+0x2fd): undefined reference to `ENGINE_finish'
/usr/bin/ld: /home/oof/curl/lib/vtls/openssl.c:2225:(.text.ossl_close_all[ossl_close_all]+0x440): undefined reference to `ENGINE_free'
/usr/bin/ld: /home/oof/curl_build/lib/libcurl.a(libcurl_la-openssl.o): in function `ossl_set_engine':
/home/oof/curl/lib/vtls/openssl.c:1892:(.text.ossl_set_engine[ossl_set_engine]+0x1a6): undefined reference to `ENGINE_by_id'
/usr/bin/ld: /home/oof/curl/lib/vtls/openssl.c:1897:(.text.ossl_set_engine[ossl_set_engine]+0x496): undefined reference to `ENGINE_finish'
/usr/bin/ld: /home/oof/curl/lib/vtls/openssl.c:1898:(.text.ossl_set_engine[ossl_set_engine]+0x5dc): undefined reference to `ENGINE_free'
/usr/bin/ld: /home/oof/curl/lib/vtls/openssl.c:1901:(.text.ossl_set_engine[ossl_set_engine]+0x761): undefined reference to `ENGINE_init'
/usr/bin/ld: /home/oof/curl/lib/vtls/openssl.c:1904:(.text.ossl_set_engine[ossl_set_engine]+0x7d1): undefined reference to `ENGINE_free'
/usr/bin/ld: /home/oof/curl/lib/vtls/openssl.c:1906:(.text.ossl_set_engine[ossl_set_engine]+0x7ec): undefined reference to `ERR_get_error'
/usr/bin/ld: /home/oof/curl_build/lib/libcurl.a(libcurl_la-openssl.o): in function `ossl_set_engine_default':
/home/oof/curl/lib/vtls/openssl.c:1932:(.text.ossl_set_engine_default[ossl_set_engine_default]+0x305): undefined reference to `ENGINE_set_default'
/usr/bin/ld: /home/oof/curl/lib/vtls/openssl.c:1933:(.text.ossl_set_engine_default[ossl_set_engine_default]+0xad0): undefined reference to `ENGINE_get_id'
/usr/bin/ld: /home/oof/curl/lib/vtls/openssl.c:1938:(.text.ossl_set_engine_default[ossl_set_engine_default]+0xc8c): undefined reference to `ENGINE_get_id'
/usr/bin/ld: /home/oof/curl_build/lib/libcurl.a(libcurl_la-openssl.o): in function `ossl_engines_list':
/home/oof/curl/lib/vtls/openssl.c:1957:(.text.ossl_engines_list[ossl_engines_list]+0x4d): undefined reference to `ENGINE_get_first'
/usr/bin/ld: /home/oof/curl/lib/vtls/openssl.c:1958:(.text.ossl_engines_list[ossl_engines_list]+0x6d): undefined reference to `ENGINE_get_id'
/usr/bin/ld: /home/oof/curl/lib/vtls/openssl.c:1957:(.text.ossl_engines_list[ossl_engines_list]+0x116): undefined reference to `ENGINE_get_next'
/usr/bin/ld: /home/oof/curl_build/lib/libcurl.a(libcurl_la-openssl.o): in function `ossl_sha256sum':
/home/oof/curl/lib/vtls/openssl.c:5617:(.text.ossl_sha256sum[ossl_sha256sum]+0x140): undefined reference to `EVP_MD_CTX_new'
/usr/bin/ld: /home/oof/curl/lib/vtls/openssl.c:5620:(.text.ossl_sha256sum[ossl_sha256sum]+0x1a2): undefined reference to `EVP_sha256'
/usr/bin/ld: /home/oof/curl/lib/vtls/openssl.c:5620:(.text.ossl_sha256sum[ossl_sha256sum]+0x1ae): undefined reference to `EVP_DigestInit'
/usr/bin/ld: /home/oof/curl/lib/vtls/openssl.c:5621:(.text.ossl_sha256sum[ossl_sha256sum]+0x1f0): undefined reference to `EVP_MD_CTX_free'
/usr/bin/ld: /home/oof/curl/lib/vtls/openssl.c:5624:(.text.ossl_sha256sum[ossl_sha256sum]+0x24d): undefined reference to `EVP_DigestUpdate'
/usr/bin/ld: /home/oof/curl/lib/vtls/openssl.c:5625:(.text.ossl_sha256sum[ossl_sha256sum]+0x261): undefined reference to `EVP_DigestFinal_ex'
/usr/bin/ld: /home/oof/curl/lib/vtls/openssl.c:5626:(.text.ossl_sha256sum[ossl_sha256sum]+0x26a): undefined reference to `EVP_MD_CTX_free'
/usr/bin/ld: /home/oof/curl_build/lib/libcurl.a(libcurl_la-openssl.o): in function `ossl_recv':
/home/oof/curl/lib/vtls/openssl.c:5342:(.text.ossl_recv[ossl_recv]+0x5f9): undefined reference to `ERR_clear_error'
/usr/bin/ld: /home/oof/curl/lib/vtls/openssl.c:5346:(.text.ossl_recv[ossl_recv]+0x8af): undefined reference to `SSL_read'
/usr/bin/ld: /home/oof/curl/lib/vtls/openssl.c:5352:(.text.ossl_recv[ossl_recv]+0xa98): undefined reference to `SSL_get_error'
/usr/bin/ld: /home/oof/curl/lib/vtls/openssl.c:5379:(.text.ossl_recv[ossl_recv]+0x107e): undefined reference to `ERR_get_error'
/usr/bin/ld: /home/oof/curl_build/lib/libcurl.a(libcurl_la-openssl.o): in function `ossl_send':
/home/oof/curl/lib/vtls/openssl.c:5260:(.text.ossl_send[ossl_send]+0x502): undefined reference to `ERR_clear_error'
/usr/bin/ld: /home/oof/curl/lib/vtls/openssl.c:5264:(.text.ossl_send[ossl_send]+0x7b8): undefined reference to `SSL_write'
/usr/bin/ld: /home/oof/curl/lib/vtls/openssl.c:5269:(.text.ossl_send[ossl_send]+0x96d): undefined reference to `SSL_get_error'
/usr/bin/ld: /home/oof/curl/lib/vtls/openssl.c:5287:(.text.ossl_send[ossl_send]+0xddd): undefined reference to `ERR_get_error'
/usr/bin/ld: /home/oof/curl/lib/vtls/openssl.c:5304:(.text.ossl_send[ossl_send]+0xfde): undefined reference to `ERR_get_error'
/usr/bin/ld: /home/oof/curl_build/lib/libcurl.a(libcurl_la-openssl.o): in function `ossl_get_channel_binding':
/home/oof/curl/lib/vtls/openssl.c:5475:(.text.ossl_get_channel_binding[ossl_get_channel_binding]+0x101c): undefined reference to `SSL_get1_peer_certificate'
/usr/bin/ld: /home/oof/curl/lib/vtls/openssl.c:5481:(.text.ossl_get_channel_binding[ossl_get_channel_binding]+0x1086): undefined reference to `X509_get_signature_nid'
/usr/bin/ld: /home/oof/curl/lib/vtls/openssl.c:5481:(.text.ossl_get_channel_binding[ossl_get_channel_binding]+0x1098): undefined reference to `OBJ_find_sigid_algs'
/usr/bin/ld: /home/oof/curl/lib/vtls/openssl.c:5489:(.text.ossl_get_channel_binding[ossl_get_channel_binding]+0x1189): undefined reference to `EVP_sha256'
/usr/bin/ld: /home/oof/curl/lib/vtls/openssl.c:5492:(.text.ossl_get_channel_binding[ossl_get_channel_binding]+0x11a3): undefined reference to `OBJ_nid2sn'
/usr/bin/ld: /home/oof/curl/lib/vtls/openssl.c:5492:(.text.ossl_get_channel_binding[ossl_get_channel_binding]+0x11ab): undefined reference to `EVP_get_digestbyname'
/usr/bin/ld: /home/oof/curl/lib/vtls/openssl.c:5494:(.text.ossl_get_channel_binding[ossl_get_channel_binding]+0x11ce): undefined reference to `OBJ_nid2sn'
/usr/bin/ld: /home/oof/curl/lib/vtls/openssl.c:5501:(.text.ossl_get_channel_binding[ossl_get_channel_binding]+0x12f2): undefined reference to `X509_digest'
/usr/bin/ld: /home/oof/curl_build/lib/libcurl.a(libcurl_la-openssl.o): in function `load_cacert_from_memory':
/home/oof/curl/lib/vtls/openssl.c:3125:(.text.load_cacert_from_memory[load_cacert_from_memory]+0x34b): undefined reference to `BIO_new_mem_buf'
/usr/bin/ld: /home/oof/curl/lib/vtls/openssl.c:3129:(.text.load_cacert_from_memory[load_cacert_from_memory]+0x3b0): undefined reference to `PEM_X509_INFO_read_bio'
/usr/bin/ld: /home/oof/curl/lib/vtls/openssl.c:3131:(.text.load_cacert_from_memory[load_cacert_from_memory]+0x3f8): undefined reference to `BIO_free'
/usr/bin/ld: /home/oof/curl/lib/vtls/openssl.c:3136:(.text.load_cacert_from_memory[load_cacert_from_memory]+0x429): undefined reference to `OPENSSL_sk_num'
/usr/bin/ld: /home/oof/curl/lib/vtls/openssl.c:3137:(.text.load_cacert_from_memory[load_cacert_from_memory]+0x47f): undefined reference to `OPENSSL_sk_value'
/usr/bin/ld: /home/oof/curl/lib/vtls/openssl.c:3139:(.text.load_cacert_from_memory[load_cacert_from_memory]+0x68b): undefined reference to `X509_STORE_add_cert'
/usr/bin/ld: /home/oof/curl/lib/vtls/openssl.c:3149:(.text.load_cacert_from_memory[load_cacert_from_memory]+0x987): undefined reference to `X509_STORE_add_crl'
/usr/bin/ld: /home/oof/curl/lib/vtls/openssl.c:3160:(.text.load_cacert_from_memory[load_cacert_from_memory]+0xb00): undefined reference to `X509_INFO_free'
/usr/bin/ld: /home/oof/curl/lib/vtls/openssl.c:3160:(.text.load_cacert_from_memory[load_cacert_from_memory]+0xb14): undefined reference to `OPENSSL_sk_pop_free'
/usr/bin/ld: /home/oof/curl/lib/vtls/openssl.c:3161:(.text.load_cacert_from_memory[load_cacert_from_memory]+0xb1d): undefined reference to `BIO_free'
/usr/bin/ld: /home/oof/curl_build/lib/libcurl.a(libcurl_la-openssl.o): in function `oss_x509_share_free':
/home/oof/curl/lib/vtls/openssl.c:3493:(.text.oss_x509_share_free[oss_x509_share_free]+0x402): undefined reference to `X509_STORE_free'
/usr/bin/ld: /home/oof/curl_build/lib/libcurl.a(libcurl_la-openssl.o): in function `rand_enough':
/home/oof/curl/lib/vtls/openssl.c:978:(.text.rand_enough[rand_enough]+0x3d): undefined reference to `RAND_status'
/usr/bin/ld: /home/oof/curl_build/lib/libcurl.a(libcurl_la-openssl.o): in function `use_certificate_chain_blob':
/home/oof/curl/lib/vtls/openssl.c:1202:(.text.use_certificate_chain_blob[use_certificate_chain_blob]+0x21b): undefined reference to `BIO_new_mem_buf'
/usr/bin/ld: /home/oof/curl/lib/vtls/openssl.c:1206:(.text.use_certificate_chain_blob[use_certificate_chain_blob]+0x272): undefined reference to `ERR_clear_error'
/usr/bin/ld: /home/oof/curl/lib/vtls/openssl.c:1208:(.text.use_certificate_chain_blob[use_certificate_chain_blob]+0x28a): undefined reference to `PEM_read_bio_X509_AUX'
/usr/bin/ld: /home/oof/curl/lib/vtls/openssl.c:1213:(.text.use_certificate_chain_blob[use_certificate_chain_blob]+0x2db): undefined reference to `SSL_CTX_use_certificate'
/usr/bin/ld: /home/oof/curl/lib/vtls/openssl.c:1215:(.text.use_certificate_chain_blob[use_certificate_chain_blob]+0x2e3): undefined reference to `ERR_peek_error'
/usr/bin/ld: /home/oof/curl/lib/vtls/openssl.c:1222:(.text.use_certificate_chain_blob[use_certificate_chain_blob]+0x3ad): undefined reference to `SSL_CTX_ctrl'
/usr/bin/ld: /home/oof/curl/lib/vtls/openssl.c:1227:(.text.use_certificate_chain_blob[use_certificate_chain_blob]+0x417): undefined reference to `PEM_read_bio_X509'
/usr/bin/ld: /home/oof/curl/lib/vtls/openssl.c:1231:(.text.use_certificate_chain_blob[use_certificate_chain_blob]+0x43b): undefined reference to `SSL_CTX_ctrl'
/usr/bin/ld: /home/oof/curl/lib/vtls/openssl.c:1232:(.text.use_certificate_chain_blob[use_certificate_chain_blob]+0x47e): undefined reference to `X509_free'
/usr/bin/ld: /home/oof/curl/lib/vtls/openssl.c:1238:(.text.use_certificate_chain_blob[use_certificate_chain_blob]+0x4cb): undefined reference to `ERR_peek_last_error'
/usr/bin/ld: /home/oof/curl/lib/vtls/openssl.c:1241:(.text.use_certificate_chain_blob[use_certificate_chain_blob]+0x592): undefined reference to `ERR_clear_error'
/usr/bin/ld: /home/oof/curl/lib/vtls/openssl.c:1247:(.text.use_certificate_chain_blob[use_certificate_chain_blob]+0x671): undefined reference to `X509_free'
/usr/bin/ld: /home/oof/curl/lib/vtls/openssl.c:1248:(.text.use_certificate_chain_blob[use_certificate_chain_blob]+0x67a): undefined reference to `BIO_free'
/usr/bin/ld: /home/oof/curl_build/lib/libcurl.a(libcurl_la-openssl.o): in function `use_certificate_blob':
/home/oof/curl/lib/vtls/openssl.c:1139:(.text.use_certificate_blob[use_certificate_blob]+0x21c): undefined reference to `BIO_new_mem_buf'
/usr/bin/ld: /home/oof/curl/lib/vtls/openssl.c:1145:(.text.use_certificate_blob[use_certificate_blob]+0x2b5): undefined reference to `d2i_X509_bio'
/usr/bin/ld: /home/oof/curl/lib/vtls/openssl.c:1149:(.text.use_certificate_blob[use_certificate_blob]+0x2e0): undefined reference to `PEM_read_bio_X509'
/usr/bin/ld: /home/oof/curl/lib/vtls/openssl.c:1162:(.text.use_certificate_blob[use_certificate_blob]+0x3d9): undefined reference to `SSL_CTX_use_certificate'
/usr/bin/ld: /home/oof/curl/lib/vtls/openssl.c:1164:(.text.use_certificate_blob[use_certificate_blob]+0x3e5): undefined reference to `X509_free'
/usr/bin/ld: /home/oof/curl/lib/vtls/openssl.c:1165:(.text.use_certificate_blob[use_certificate_blob]+0x3ee): undefined reference to `BIO_free'
/usr/bin/ld: /home/oof/curl_build/lib/libcurl.a(libcurl_la-openssl.o): in function `ossl_set_provider':
/home/oof/curl/lib/vtls/openssl.c:2021:(.text.ossl_set_provider[ossl_set_provider]+0x7ef): undefined reference to `OSSL_LIB_CTX_new'
/usr/bin/ld: /home/oof/curl/lib/vtls/openssl.c:2027:(.text.ossl_set_provider[ossl_set_provider]+0xbab): undefined reference to `OSSL_LIB_CTX_free'
/usr/bin/ld: /home/oof/curl/lib/vtls/openssl.c:2037:(.text.ossl_set_provider[ossl_set_provider]+0xf7a): undefined reference to `OSSL_LIB_CTX_load_config'
/usr/bin/ld: /home/oof/curl/lib/vtls/openssl.c:2042:(.text.ossl_set_provider[ossl_set_provider]+0x17dc): undefined reference to `OSSL_PROVIDER_available'
/usr/bin/ld: /home/oof/curl/lib/vtls/openssl.c:2049:(.text.ossl_set_provider[ossl_set_provider]+0x1ac3): undefined reference to `OSSL_PROVIDER_try_load'
/usr/bin/ld: /home/oof/curl/lib/vtls/openssl.c:2053:(.text.ossl_set_provider[ossl_set_provider]+0x1df8): undefined reference to `ERR_get_error'
/usr/bin/ld: /home/oof/curl/lib/vtls/openssl.c:2061:(.text.ossl_set_provider[ossl_set_provider]+0x1fda): undefined reference to `OSSL_PROVIDER_try_load'
/usr/bin/ld: /home/oof/curl_build/lib/libcurl.a(libcurl_la-openssl.o): in function `use_privatekey_blob':
/home/oof/curl/lib/vtls/openssl.c:1174:(.text.use_privatekey_blob[use_privatekey_blob]+0x21c): undefined reference to `BIO_new_mem_buf'
/usr/bin/ld: /home/oof/curl/lib/vtls/openssl.c:1179:(.text.use_privatekey_blob[use_privatekey_blob]+0x2c0): undefined reference to `PEM_read_bio_PrivateKey'
/usr/bin/ld: /home/oof/curl/lib/vtls/openssl.c:1182:(.text.use_privatekey_blob[use_privatekey_blob]+0x2e0): undefined reference to `d2i_PrivateKey_bio'
/usr/bin/ld: /home/oof/curl/lib/vtls/openssl.c:1189:(.text.use_privatekey_blob[use_privatekey_blob]+0x3cb): undefined reference to `SSL_CTX_use_PrivateKey'
/usr/bin/ld: /home/oof/curl/lib/vtls/openssl.c:1190:(.text.use_privatekey_blob[use_privatekey_blob]+0x3d7): undefined reference to `EVP_PKEY_free'
/usr/bin/ld: /home/oof/curl/lib/vtls/openssl.c:1192:(.text.use_privatekey_blob[use_privatekey_blob]+0x3e0): undefined reference to `BIO_free'
/usr/bin/ld: /home/oof/curl_build/lib/libcurl.a(libcurl_la-openssl.o): in function `ssl_ui_reader':
/home/oof/curl/lib/vtls/openssl.c:1082:(.text.ssl_ui_reader[ssl_ui_reader]+0x41): undefined reference to `UI_get_string_type'
/usr/bin/ld: /home/oof/curl/lib/vtls/openssl.c:1085:(.text.ssl_ui_reader[ssl_ui_reader]+0x10d): undefined reference to `UI_get0_user_data'
/usr/bin/ld: /home/oof/curl/lib/vtls/openssl.c:1086:(.text.ssl_ui_reader[ssl_ui_reader]+0x15a): undefined reference to `UI_get_input_flags'
/usr/bin/ld: /home/oof/curl/lib/vtls/openssl.c:1087:(.text.ssl_ui_reader[ssl_ui_reader]+0x1dc): undefined reference to `UI_set_result'
/usr/bin/ld: /home/oof/curl/lib/vtls/openssl.c:1094:(.text.ssl_ui_reader[ssl_ui_reader]+0x1fe): undefined reference to `UI_OpenSSL'
/usr/bin/ld: /home/oof/curl/lib/vtls/openssl.c:1094:(.text.ssl_ui_reader[ssl_ui_reader]+0x206): undefined reference to `UI_method_get_reader'
/usr/bin/ld: /home/oof/curl_build/lib/libcurl.a(libcurl_la-openssl.o): in function `ssl_ui_writer':
/home/oof/curl/lib/vtls/openssl.c:1102:(.text.ssl_ui_writer[ssl_ui_writer]+0x41): undefined reference to `UI_get_string_type'
/usr/bin/ld: /home/oof/curl/lib/vtls/openssl.c:1105:(.text.ssl_ui_writer[ssl_ui_writer]+0x10d): undefined reference to `UI_get0_user_data'
/usr/bin/ld: /home/oof/curl/lib/vtls/openssl.c:1106:(.text.ssl_ui_writer[ssl_ui_writer]+0x155): undefined reference to `UI_get_input_flags'
/usr/bin/ld: /home/oof/curl/lib/vtls/openssl.c:1113:(.text.ssl_ui_writer[ssl_ui_writer]+0x1e1): undefined reference to `UI_OpenSSL'
/usr/bin/ld: /home/oof/curl/lib/vtls/openssl.c:1113:(.text.ssl_ui_writer[ssl_ui_writer]+0x1e9): undefined reference to `UI_method_get_writer'
/usr/bin/ld: /home/oof/curl_build/lib/libcurl.a(libcurl_la-openssl.o): in function `ossl_provider_cleanup':
/home/oof/curl/lib/vtls/openssl.c:1975:(.text.ossl_provider_cleanup[ossl_provider_cleanup]+0x300): undefined reference to `OSSL_PROVIDER_unload'
/usr/bin/ld: /home/oof/curl/lib/vtls/openssl.c:1979:(.text.ossl_provider_cleanup[ossl_provider_cleanup]+0x733): undefined reference to `OSSL_PROVIDER_unload'
/usr/bin/ld: /home/oof/curl/lib/vtls/openssl.c:1982:(.text.ossl_provider_cleanup[ossl_provider_cleanup]+0xa1c): undefined reference to `OSSL_LIB_CTX_free'
/usr/bin/ld: /home/oof/curl_build/lib/libcurl.a(libcurl_la-openssl.o): in function `ossl_init_session_and_alpns':
/home/oof/curl/lib/vtls/openssl.c:3670:(.text.ossl_init_session_and_alpns[ossl_init_session_and_alpns]+0xb3f): undefined reference to `d2i_SSL_SESSION'
/usr/bin/ld: /home/oof/curl/lib/vtls/openssl.c:3673:(.text.ossl_init_session_and_alpns[ossl_init_session_and_alpns]+0xc50): undefined reference to `SSL_set_session'
/usr/bin/ld: /home/oof/curl/lib/vtls/openssl.c:3674:(.text.ossl_init_session_and_alpns[ossl_init_session_and_alpns]+0x12dc): undefined reference to `ERR_get_error'
/usr/bin/ld: /home/oof/curl/lib/vtls/openssl.c:3685:(.text.ossl_init_session_and_alpns[ossl_init_session_and_alpns]+0x1f4e): undefined reference to `SSL_SESSION_get_max_early_data'
/usr/bin/ld: /home/oof/curl/lib/vtls/openssl.c:3687:(.text.ossl_init_session_and_alpns[ossl_init_session_and_alpns]+0x22a5): undefined reference to `SSL_version'
/usr/bin/ld: /home/oof/curl/lib/vtls/openssl.c:3704:(.text.ossl_init_session_and_alpns[ossl_init_session_and_alpns]+0x2723): undefined reference to `SSL_SESSION_free'
/usr/bin/ld: /home/oof/curl/lib/vtls/openssl.c:3722:(.text.ossl_init_session_and_alpns[ossl_init_session_and_alpns]+0x32f3): undefined reference to `SSL_set_alpn_protos'
/usr/bin/ld: /home/oof/curl_build/lib/libcurl.a(libcurl_la-openssl.o): in function `push_certinfo':
/home/oof/curl/lib/vtls/openssl.c:290:(.text.push_certinfo[push_certinfo]+0x146): undefined reference to `BIO_ctrl'
/usr/bin/ld: /home/oof/curl/lib/vtls/openssl.c:292:(.text.push_certinfo[push_certinfo]+0x18d): undefined reference to `BIO_ctrl'
/usr/bin/ld: /home/oof/curl_build/lib/libcurl.a(libcurl_la-openssl.o): in function `X509V3_ext':
/home/oof/curl/lib/vtls/openssl.c:354:(.text.X509V3_ext[X509V3_ext]+0x19b): undefined reference to `OPENSSL_sk_num'
/usr/bin/ld: /home/oof/curl/lib/vtls/openssl.c:358:(.text.X509V3_ext[X509V3_ext]+0x216): undefined reference to `OPENSSL_sk_num'
/usr/bin/ld: /home/oof/curl/lib/vtls/openssl.c:360:(.text.X509V3_ext[X509V3_ext]+0x272): undefined reference to `OPENSSL_sk_value'
/usr/bin/ld: /home/oof/curl/lib/vtls/openssl.c:363:(.text.X509V3_ext[X509V3_ext]+0x299): undefined reference to `BIO_s_mem'
/usr/bin/ld: /home/oof/curl/lib/vtls/openssl.c:363:(.text.X509V3_ext[X509V3_ext]+0x2a1): undefined reference to `BIO_new'
/usr/bin/ld: /home/oof/curl/lib/vtls/openssl.c:368:(.text.X509V3_ext[X509V3_ext]+0x30d): undefined reference to `X509_EXTENSION_get_object'
/usr/bin/ld: /home/oof/curl/lib/vtls/openssl.c:372:(.text.X509V3_ext[X509V3_ext]+0x342): undefined reference to `X509V3_EXT_print'
/usr/bin/ld: /home/oof/curl/lib/vtls/openssl.c:373:(.text.X509V3_ext[X509V3_ext]+0x3c7): undefined reference to `X509_EXTENSION_get_data'
/usr/bin/ld: /home/oof/curl/lib/vtls/openssl.c:373:(.text.X509V3_ext[X509V3_ext]+0x3d3): undefined reference to `ASN1_STRING_print'
/usr/bin/ld: /home/oof/curl/lib/vtls/openssl.c:375:(.text.X509V3_ext[X509V3_ext]+0x3ec): undefined reference to `BIO_ctrl'
/usr/bin/ld: /home/oof/curl/lib/vtls/openssl.c:378:(.text.X509V3_ext[X509V3_ext]+0x5de): undefined reference to `BIO_free'
/usr/bin/ld: /home/oof/curl_build/lib/libcurl.a(libcurl_la-openssl.o): in function `pubkey_show':
/home/oof/curl/lib/vtls/openssl.c:308:(.text.pubkey_show[pubkey_show]+0x20c): undefined reference to `BN_print'
/usr/bin/ld: /home/oof/curl_build/lib/libcurl.a(libcurl_la-openssl.o): in function `asn1_object_dump':
/home/oof/curl/lib/vtls/openssl.c:333:(.text.asn1_object_dump[asn1_object_dump]+0xb0): undefined reference to `i2t_ASN1_OBJECT'
/usr/bin/ld: /home/oof/curl_build/lib/libcurl.a(libcurl_la-openssl.o): in function `ossl_connect_step1':
/home/oof/curl/lib/vtls/openssl.c:4358:(.text.ossl_connect_step1[ossl_connect_step1]+0xaaf): undefined reference to `BIO_new'
/usr/bin/ld: /home/oof/curl/lib/vtls/openssl.c:4362:(.text.ossl_connect_step1[ossl_connect_step1]+0xb20): undefined reference to `BIO_set_data'
/usr/bin/ld: /home/oof/curl/lib/vtls/openssl.c:4369:(.text.ossl_connect_step1[ossl_connect_step1]+0xb2c): undefined reference to `BIO_up_ref'
/usr/bin/ld: /home/oof/curl/lib/vtls/openssl.c:4370:(.text.ossl_connect_step1[ossl_connect_step1]+0xc28): undefined reference to `SSL_set0_rbio'
/usr/bin/ld: /home/oof/curl/lib/vtls/openssl.c:4371:(.text.ossl_connect_step1[ossl_connect_step1]+0xd24): undefined reference to `SSL_set0_wbio'
/usr/bin/ld: /home/oof/curl_build/lib/libcurl.a(libcurl_la-openssl.o): in function `ossl_send_earlydata':
/home/oof/curl/lib/vtls/openssl.c:5091:(.text.ossl_send_earlydata[ossl_send_earlydata]+0x824): undefined reference to `SSL_write_early_data'
/usr/bin/ld: /home/oof/curl/lib/vtls/openssl.c:5097:(.text.ossl_send_earlydata[ossl_send_earlydata]+0x12a9): undefined reference to `SSL_get_error'
/usr/bin/ld: /home/oof/curl/lib/vtls/openssl.c:5115:(.text.ossl_send_earlydata[ossl_send_earlydata]+0x195f): undefined reference to `ERR_get_error'
/usr/bin/ld: /home/oof/curl/lib/vtls/openssl.c:5132:(.text.ossl_send_earlydata[ossl_send_earlydata]+0x1ae7): undefined reference to `ERR_get_error'
/usr/bin/ld: /home/oof/curl_build/lib/libcurl.a(libcurl_la-openssl.o): in function `ossl_connect_step2':
/home/oof/curl/lib/vtls/openssl.c:4461:(.text.ossl_connect_step2[ossl_connect_step2]+0x72d): undefined reference to `ERR_clear_error'
/usr/bin/ld: /home/oof/curl/lib/vtls/openssl.c:4463:(.text.ossl_connect_step2[ossl_connect_step2]+0x822): undefined reference to `SSL_connect'
/usr/bin/ld: /home/oof/curl/lib/vtls/openssl.c:4486:(.text.ossl_connect_step2[ossl_connect_step2]+0xd15): undefined reference to `SSL_get_error'
/usr/bin/ld: /home/oof/curl/lib/vtls/openssl.c:4527:(.text.ossl_connect_step2[ossl_connect_step2]+0x458e): undefined reference to `ERR_get_error'
/usr/bin/ld: /home/oof/curl/lib/vtls/openssl.c:4538:(.text.ossl_connect_step2[ossl_connect_step2]+0x47b4): undefined reference to `SSL_get_verify_result'
/usr/bin/ld: /home/oof/curl/lib/vtls/openssl.c:4542:(.text.ossl_connect_step2[ossl_connect_step2]+0x491f): undefined reference to `X509_verify_cert_error_string'
/usr/bin/ld: /home/oof/curl/lib/vtls/openssl.c:4609:(.text.ossl_connect_step2[ossl_connect_step2]+0x5462): undefined reference to `SSL_get_peer_signature_type_nid'
/usr/bin/ld: /home/oof/curl/lib/vtls/openssl.c:4614:(.text.ossl_connect_step2[ossl_connect_step2]+0x5563): undefined reference to `SSL_ctrl'
/usr/bin/ld: /home/oof/curl/lib/vtls/openssl.c:4614:(.text.ossl_connect_step2[ossl_connect_step2]+0x5570): undefined reference to `OBJ_nid2sn'
/usr/bin/ld: /home/oof/curl/lib/vtls/openssl.c:4619:(.text.ossl_connect_step2[ossl_connect_step2]+0x5cca): undefined reference to `SSL_get_version'
/usr/bin/ld: /home/oof/curl/lib/vtls/openssl.c:4619:(.text.ossl_connect_step2[ossl_connect_step2]+0x5db1): undefined reference to `SSL_get_current_cipher'
/usr/bin/ld: /home/oof/curl/lib/vtls/openssl.c:4619:(.text.ossl_connect_step2[ossl_connect_step2]+0x5db9): undefined reference to `SSL_CIPHER_get_name'
/usr/bin/ld: /home/oof/curl/lib/vtls/openssl.c:4619:(.text.ossl_connect_step2[ossl_connect_step2]+0x5e5c): undefined reference to `OBJ_nid2sn'
/usr/bin/ld: /home/oof/curl/lib/vtls/openssl.c:4694:(.text.ossl_connect_step2[ossl_connect_step2]+0x60a0): undefined reference to `SSL_get0_alpn_selected'
/usr/bin/ld: /home/oof/curl_build/lib/libcurl.a(libcurl_la-openssl.o): in function `ossl_new_session_cb':
/home/oof/curl/lib/vtls/openssl.c:3100:(.text.ossl_new_session_cb[ossl_new_session_cb]+0x52): undefined reference to `SSL_get_ex_data'
/usr/bin/ld: /home/oof/curl/lib/vtls/openssl.c:3105:(.text.ossl_new_session_cb[ossl_new_session_cb]+0x571): undefined reference to `SSL_version'
/usr/bin/ld: /home/oof/curl_build/lib/libcurl.a(libcurl_la-openssl.o): in function `ossl_bio_cf_method_create':
/home/oof/curl/lib/vtls/openssl.c:818:(.text.ossl_bio_cf_method_create[ossl_bio_cf_method_create]+0x4d): undefined reference to `BIO_meth_new'
/usr/bin/ld: /home/oof/curl/lib/vtls/openssl.c:820:(.text.ossl_bio_cf_method_create[ossl_bio_cf_method_create]+0xd1): undefined reference to `BIO_meth_set_write'
/usr/bin/ld: /home/oof/curl/lib/vtls/openssl.c:821:(.text.ossl_bio_cf_method_create[ossl_bio_cf_method_create]+0xe1): undefined reference to `BIO_meth_set_read'
/usr/bin/ld: /home/oof/curl/lib/vtls/openssl.c:822:(.text.ossl_bio_cf_method_create[ossl_bio_cf_method_create]+0xf1): undefined reference to `BIO_meth_set_ctrl'
/usr/bin/ld: /home/oof/curl/lib/vtls/openssl.c:823:(.text.ossl_bio_cf_method_create[ossl_bio_cf_method_create]+0x101): undefined reference to `BIO_meth_set_create'
/usr/bin/ld: /home/oof/curl/lib/vtls/openssl.c:824:(.text.ossl_bio_cf_method_create[ossl_bio_cf_method_create]+0x111): undefined reference to `BIO_meth_set_destroy'
/usr/bin/ld: /home/oof/curl_build/lib/libcurl.a(libcurl_la-openssl.o): in function `ossl_bio_cf_out_write':
/home/oof/curl/lib/vtls/openssl.c:722:(.text.ossl_bio_cf_out_write[ossl_bio_cf_out_write]+0x157): undefined reference to `BIO_get_data'
/usr/bin/ld: /home/oof/curl/lib/vtls/openssl.c:737:(.text.ossl_bio_cf_out_write[ossl_bio_cf_out_write]+0x10f7): undefined reference to `BIO_clear_flags'
/usr/bin/ld: /home/oof/curl/lib/vtls/openssl.c:741:(.text.ossl_bio_cf_out_write[ossl_bio_cf_out_write]+0x128f): undefined reference to `BIO_set_flags'
/usr/bin/ld: /home/oof/curl_build/lib/libcurl.a(libcurl_la-openssl.o): in function `ossl_bio_cf_in_read':
/home/oof/curl/lib/vtls/openssl.c:749:(.text.ossl_bio_cf_in_read[ossl_bio_cf_in_read]+0x157): undefined reference to `BIO_get_data'
/usr/bin/ld: /home/oof/curl/lib/vtls/openssl.c:766:(.text.ossl_bio_cf_in_read[ossl_bio_cf_in_read]+0x11b4): undefined reference to `BIO_clear_flags'
/usr/bin/ld: /home/oof/curl/lib/vtls/openssl.c:770:(.text.ossl_bio_cf_in_read[ossl_bio_cf_in_read]+0x136d): undefined reference to `BIO_set_flags'
/usr/bin/ld: /home/oof/curl_build/lib/libcurl.a(libcurl_la-openssl.o): in function `ossl_bio_cf_ctrl':
/home/oof/curl/lib/vtls/openssl.c:686:(.text.ossl_bio_cf_ctrl[ossl_bio_cf_ctrl]+0x4e): undefined reference to `BIO_get_data'
/usr/bin/ld: /home/oof/curl/lib/vtls/openssl.c:693:(.text.ossl_bio_cf_ctrl[ossl_bio_cf_ctrl]+0xbc): undefined reference to `BIO_get_shutdown'
/usr/bin/ld: /home/oof/curl/lib/vtls/openssl.c:696:(.text.ossl_bio_cf_ctrl[ossl_bio_cf_ctrl]+0x106): undefined reference to `BIO_set_shutdown'
/usr/bin/ld: /home/oof/curl_build/lib/libcurl.a(libcurl_la-openssl.o): in function `ossl_bio_cf_create':
/home/oof/curl/lib/vtls/openssl.c:668:(.text.ossl_bio_cf_create[ossl_bio_cf_create]+0x4e): undefined reference to `BIO_set_shutdown'
/usr/bin/ld: /home/oof/curl/lib/vtls/openssl.c:669:(.text.ossl_bio_cf_create[ossl_bio_cf_create]+0x5c): undefined reference to `BIO_set_init'
/usr/bin/ld: /home/oof/curl/lib/vtls/openssl.c:673:(.text.ossl_bio_cf_create[ossl_bio_cf_create]+0x69): undefined reference to `BIO_set_data'
/usr/bin/ld: /home/oof/curl_build/lib/libcurl.a(libcurl_la-openssl.o): in function `ossl_bio_cf_method_free':
/home/oof/curl/lib/vtls/openssl.c:832:(.text.ossl_bio_cf_method_free[ossl_bio_cf_method_free]+0xb9): undefined reference to `BIO_meth_free'
/usr/bin/ld: /home/oof/curl_build/lib/libcurl.a(libcurl_la-curl_ntlm_core.o): in function `Curl_ntlm_core_lm_resp':
/home/oof/curl/lib/curl_ntlm_core.c:295:(.text.Curl_ntlm_core_lm_resp[Curl_ntlm_core_lm_resp]+0x176): undefined reference to `DES_ecb_encrypt'
/usr/bin/ld: /home/oof/curl/lib/curl_ntlm_core.c:299:(.text.Curl_ntlm_core_lm_resp[Curl_ntlm_core_lm_resp]+0x2da): undefined reference to `DES_ecb_encrypt'
/usr/bin/ld: /home/oof/curl/lib/curl_ntlm_core.c:303:(.text.Curl_ntlm_core_lm_resp[Curl_ntlm_core_lm_resp]+0x472): undefined reference to `DES_ecb_encrypt'
/usr/bin/ld: /home/oof/curl_build/lib/libcurl.a(libcurl_la-curl_ntlm_core.o): in function `setup_des_key':
/home/oof/curl/lib/curl_ntlm_core.c:163:(.text.setup_des_key[setup_des_key]+0x12a): undefined reference to `DES_set_odd_parity'
/usr/bin/ld: /home/oof/curl/lib/curl_ntlm_core.c:166:(.text.setup_des_key[setup_des_key]+0x137): undefined reference to `DES_set_key_unchecked'
/usr/bin/ld: /home/oof/curl_build/lib/libcurl.a(libcurl_la-curl_ntlm_core.o): in function `Curl_ntlm_core_mk_lm_hash':
/home/oof/curl/lib/curl_ntlm_core.c:349:(.text.Curl_ntlm_core_mk_lm_hash[Curl_ntlm_core_mk_lm_hash]+0x41f): undefined reference to `DES_ecb_encrypt'
/usr/bin/ld: /home/oof/curl/lib/curl_ntlm_core.c:353:(.text.Curl_ntlm_core_mk_lm_hash[Curl_ntlm_core_mk_lm_hash]+0x5b7): undefined reference to `DES_ecb_encrypt'
clang: error: linker command failed with exit code 1 (use -v to see invocation)
